Archive member included because of file (symbol)

/home/jet/work/gcc-arm-none-eabi-4_9-2015q3/bin/../lib/gcc/arm-none-eabi/4.9.3/armv6-m/libgcc.a(_udivsi3.o)
                              ./system/src/stm32f0-stdperiph/stm32f0xx_rcc.o (__aeabi_uidiv)
/home/jet/work/gcc-arm-none-eabi-4_9-2015q3/bin/../lib/gcc/arm-none-eabi/4.9.3/armv6-m/libgcc.a(_divsi3.o)
                              ./src/time.o (__aeabi_idiv)
/home/jet/work/gcc-arm-none-eabi-4_9-2015q3/bin/../lib/gcc/arm-none-eabi/4.9.3/armv6-m/libgcc.a(_dvmd_tls.o)
                              /home/jet/work/gcc-arm-none-eabi-4_9-2015q3/bin/../lib/gcc/arm-none-eabi/4.9.3/armv6-m/libgcc.a(_udivsi3.o) (__aeabi_idiv0)
/home/jet/work/gcc-arm-none-eabi-4_9-2015q3/bin/../lib/gcc/arm-none-eabi/4.9.3/../../../../arm-none-eabi/lib/armv6-m/libg.a(lib_a-errno.o)
                              ./system/src/newlib/_sbrk.o (__errno)
/home/jet/work/gcc-arm-none-eabi-4_9-2015q3/bin/../lib/gcc/arm-none-eabi/4.9.3/../../../../arm-none-eabi/lib/armv6-m/libg.a(lib_a-impure.o)
                              /home/jet/work/gcc-arm-none-eabi-4_9-2015q3/bin/../lib/gcc/arm-none-eabi/4.9.3/../../../../arm-none-eabi/lib/armv6-m/libg.a(lib_a-errno.o) (_impure_ptr)
/home/jet/work/gcc-arm-none-eabi-4_9-2015q3/bin/../lib/gcc/arm-none-eabi/4.9.3/../../../../arm-none-eabi/lib/armv6-m/libg.a(lib_a-memcpy.o)
                              ./src/eeprom.o (memcpy)
/home/jet/work/gcc-arm-none-eabi-4_9-2015q3/bin/../lib/gcc/arm-none-eabi/4.9.3/../../../../arm-none-eabi/lib/armv6-m/libg.a(lib_a-memset.o)
                              ./src/main.o (memset)

Allocating common symbols
Common symbol       size              file

ddReadTout          0x4               ./src/init.o
toMesgCount         0x4               ./src/init.o
toReadCount         0x4               ./src/init.o
appearance_char_handle
                    0x2               ./src/my_function.o
eeprom              0x20c             ./src/eeprom.o
tmpModerAf          0x4               ./src/onewire.o
disconnCount        0x4               ./src/my_function.o
errno               0x4               ./system/src/newlib/_syscalls.o
owDevNum            0x1               ./src/onewire.o
uxTime              0x4               ./src/time.o
toReadTout          0x4               ./src/init.o
rxCount             0x1               ./src/onewire.o
crc                 0x1               ./src/main.o
toLogTout           0x4               ./src/init.o
owDdDev             0x0               ./src/onewire.o
toMesgTout          0x4               ./src/init.o
dev_name_char_handle
                    0x2               ./src/my_function.o
toLogBuff           0x10              ./src/logger.o
tmpModerOut         0x4               ./src/onewire.o
owToDev             0x30              ./src/onewire.o
ow_buf              0x8               ./src/onewire.o
toLogCount          0x4               ./src/init.o
txCount             0x1               ./src/onewire.o
ddLogBuff           0x10              ./src/logger.o
myWD                0x2               ./src/main.o
owStatus            0x1               ./src/onewire.o
service_handle      0x2               ./src/my_function.o
ddReadCount         0x4               ./src/init.o

Discarded input sections

 .group         0x00000000        0x8 ./system/src/stm32f0-stdperiph/stm32f0xx_dma.o
 .group         0x00000000        0x8 ./system/src/stm32f0-stdperiph/stm32f0xx_dma.o
 .group         0x00000000        0x8 ./system/src/stm32f0-stdperiph/stm32f0xx_dma.o
 .group         0x00000000        0x8 ./system/src/stm32f0-stdperiph/stm32f0xx_dma.o
 .group         0x00000000        0x8 ./system/src/stm32f0-stdperiph/stm32f0xx_dma.o
 .group         0x00000000        0x8 ./system/src/stm32f0-stdperiph/stm32f0xx_dma.o
 .group         0x00000000        0x8 ./system/src/stm32f0-stdperiph/stm32f0xx_dma.o
 .group         0x00000000        0x8 ./system/src/stm32f0-stdperiph/stm32f0xx_dma.o
 .group         0x00000000        0x8 ./system/src/stm32f0-stdperiph/stm32f0xx_dma.o
 .group         0x00000000        0x8 ./system/src/stm32f0-stdperiph/stm32f0xx_dma.o
 .group         0x00000000        0x8 ./system/src/stm32f0-stdperiph/stm32f0xx_dma.o
 .group         0x00000000        0x8 ./system/src/stm32f0-stdperiph/stm32f0xx_dma.o
 .group         0x00000000        0x8 ./system/src/stm32f0-stdperiph/stm32f0xx_dma.o
 .group         0x00000000        0x8 ./system/src/stm32f0-stdperiph/stm32f0xx_dma.o
 .group         0x00000000        0x8 ./system/src/stm32f0-stdperiph/stm32f0xx_dma.o
 .text          0x00000000        0x0 ./system/src/stm32f0-stdperiph/stm32f0xx_dma.o
 .data          0x00000000        0x0 ./system/src/stm32f0-stdperiph/stm32f0xx_dma.o
 .bss           0x00000000        0x0 ./system/src/stm32f0-stdperiph/stm32f0xx_dma.o
 .text.DMA_StructInit
                0x00000000       0x1c ./system/src/stm32f0-stdperiph/stm32f0xx_dma.o
 .text.DMA_SetCurrDataCounter
                0x00000000        0x4 ./system/src/stm32f0-stdperiph/stm32f0xx_dma.o
[...]
Memory Configuration

Name             Origin             Length             Attributes
RAM              0x20000000         0x00001000         xrw
CCMRAM           0x00000000         0x00000000         xrw
FLASH            0x08000000         0x00008000         xr
FLASHB1          0x00000000         0x00000000         xr
EXTMEMB0         0x00000000         0x00000000         xr
EXTMEMB1         0x00000000         0x00000000         xr
EXTMEMB2         0x00000000         0x00000000         xr
EXTMEMB3         0x00000000         0x00000000         xr
MEMORY_ARRAY     0x00000000         0x00000000         xrw
*default*        0x00000000         0xffffffff

Linker script and memory map

LOAD ./system/src/stm32f0-stdperiph/stm32f0xx_dma.o
LOAD ./system/src/stm32f0-stdperiph/stm32f0xx_gpio.o
LOAD ./system/src/stm32f0-stdperiph/stm32f0xx_i2c.o
LOAD ./system/src/stm32f0-stdperiph/stm32f0xx_rcc.o
LOAD ./system/src/stm32f0-stdperiph/stm32f0xx_rtc.o
LOAD ./system/src/stm32f0-stdperiph/stm32f0xx_usart.o
LOAD ./system/src/newlib/_cxx.o
LOAD ./system/src/newlib/_exit.o
LOAD ./system/src/newlib/_sbrk.o
LOAD ./system/src/newlib/_startup.o
LOAD ./system/src/newlib/_syscalls.o
LOAD ./system/src/newlib/assert.o
LOAD ./system/src/diag/Trace.o
LOAD ./system/src/diag/trace_impl.o
LOAD ./system/src/cortexm/_initialize_hardware.o
LOAD ./system/src/cortexm/_reset_hardware.o
LOAD ./system/src/cortexm/exception_handlers.o
LOAD ./system/src/cmsis/system_stm32f0xx.o
LOAD ./system/src/cmsis/vectors_stm32f0xx.o
LOAD ./src/_write.o
LOAD ./src/eeprom.o
LOAD ./src/init.o
LOAD ./src/logger.o
LOAD ./src/main.o
LOAD ./src/my_function.o
LOAD ./src/onewire.o
LOAD ./src/stm32xx_it.o
LOAD ./src/thermo.o
LOAD ./src/time.o
LOAD /home/jet/work/gcc-arm-none-eabi-4_9-2015q3/bin/../lib/gcc/arm-none-eabi/4.9.3/../../../../arm-none-eabi/lib/armv6-m/libstdc++.a
LOAD /home/jet/work/gcc-arm-none-eabi-4_9-2015q3/bin/../lib/gcc/arm-none-eabi/4.9.3/../../../../arm-none-eabi/lib/armv6-m/libm.a
START GROUP
LOAD /home/jet/work/gcc-arm-none-eabi-4_9-2015q3/bin/../lib/gcc/arm-none-eabi/4.9.3/armv6-m/libgcc.a
LOAD /home/jet/work/gcc-arm-none-eabi-4_9-2015q3/bin/../lib/gcc/arm-none-eabi/4.9.3/../../../../arm-none-eabi/lib/armv6-m/libg.a
LOAD /home/jet/work/gcc-arm-none-eabi-4_9-2015q3/bin/../lib/gcc/arm-none-eabi/4.9.3/../../../../arm-none-eabi/lib/armv6-m/libc.a
END GROUP
                0x20001000                __stack = (ORIGIN (RAM) + 0x1000)
                0x20001000                _estack = __stack
                0x00000400                __Main_Stack_Size = 0x400
                0x00000400                PROVIDE (_Main_Stack_Size, __Main_Stack_Size)
                0x20000c00                __Main_Stack_Limit = (__stack - __Main_Stack_Size)
                0x20000c00                PROVIDE (_Main_Stack_Limit, __Main_Stack_Limit)
                0x00000100                _Minimum_Stack_Size = 0x100
                0x200002e0                PROVIDE (_Heap_Begin, _end_noinit)
                0x20000c00                PROVIDE (_Heap_Limit, (__stack - __Main_Stack_Size))

.isr_vector     0x08000000      0x218
 FILL mask 0xff
                0x08000000                __vectors_start = ABSOLUTE (.)
                0x08000000                __vectors_start__ = ABSOLUTE (.)
 *(.isr_vector)
 .isr_vector    0x08000000       0xc4 ./system/src/cmsis/vectors_stm32f0xx.o
                0x08000000                g_pfnVectors
 *(.cfmconfig)
 *(.after_vectors .after_vectors.*)
 .after_vectors
                0x080000c4      0x118 ./system/src/newlib/_startup.o
                0x080000c4                _start
 .after_vectors
                0x080001dc       0x38 ./system/src/cortexm/exception_handlers.o
                0x080001dc                Reset_Handler
                0x08000200                HardFault_Handler_C
 .after_vectors
                0x08000214        0x4 ./system/src/cmsis/vectors_stm32f0xx.o
                0x08000214                TIM1_CC_IRQHandler
                0x08000214                TSC_IRQHandler
                0x08000214                ADC1_COMP_IRQHandler
                0x08000214                PVD_IRQHandler
                0x08000214                I2C1_IRQHandler
                0x08000214                RCC_CRS_IRQHandler
                0x08000214                SPI1_IRQHandler
                0x08000214                TIM6_DAC_IRQHandler
                0x08000214                USART3_4_IRQHandler
                0x08000214                EXTI2_3_IRQHandler
                0x08000214                ADC1_IRQHandler
                0x08000214                I2C2_IRQHandler
                0x08000214                CEC_CAN_IRQHandler
                0x08000214                RTC_IRQHandler
                0x08000214                PVD_VDDIO2_IRQHandler
                0x08000214                DMA1_Channel4_5_6_7_IRQHandler
                0x08000214                EXTI4_15_IRQHandler
                0x08000214                RCC_IRQHandler
                0x08000214                DMA1_Channel1_IRQHandler
                0x08000214                Default_Handler
                0x08000214                CEC_IRQHandler
                0x08000214                TIM14_IRQHandler
                0x08000214                DMA1_Channel4_5_IRQHandler
                0x08000214                TIM7_IRQHandler
                0x08000214                TIM15_IRQHandler
                0x08000214                EXTI0_1_IRQHandler
                0x08000214                USB_IRQHandler
                0x08000214                SPI2_IRQHandler
                0x08000214                TS_IRQHandler
                0x08000214                WWDG_IRQHandler
                0x08000214                TIM2_IRQHandler
                0x08000214                DMA1_Channel2_3_IRQHandler
                0x08000214                USART2_IRQHandler
                0x08000214                FLASH_IRQHandler
                0x08000214                TIM1_BRK_UP_TRG_COM_IRQHandler

.inits          0x08000218       0x28
                0x08000218                __data_regions_array_start = .
                0x08000218        0x4 LONG 0x8001934 LOADADDR (.data)
                0x0800021c        0x4 LONG 0x20000000 ADDR (.data)
                0x08000220        0x4 LONG 0x20000034 (ADDR (.data) + SIZEOF (.data))
                0x08000224        0x4 LONG 0x8001934 LOADADDR (.data_CCMRAM)
                0x08000228        0x4 LONG 0x0 ADDR (.data_CCMRAM)
                0x0800022c        0x4 LONG 0x0 (ADDR (.data_CCMRAM) + SIZEOF (.data_CCMRAM))
                0x08000230                __data_regions_array_end = .
                0x08000230                __bss_regions_array_start = .
                0x08000230        0x4 LONG 0x20000038 ADDR (.bss)
                0x08000234        0x4 LONG 0x200002e0 (ADDR (.bss) + SIZEOF (.bss))
                0x08000238        0x4 LONG 0x0 ADDR (.bss_CCMRAM)
                0x0800023c        0x4 LONG 0x0 (ADDR (.bss_CCMRAM) + SIZEOF (.bss_CCMRAM))
                0x08000240                __bss_regions_array_end = .
 *(.init)
 *(.fini)
                0x08000240                . = ALIGN (0x4)
                0x08000240                PROVIDE (__preinit_array_start, .)
 *(.preinit_array_sysinit .preinit_array_sysinit.*)
 *(.preinit_array_platform .preinit_array_platform.*)
 *(.preinit_array .preinit_array.*)
                0x08000240                PROVIDE (__preinit_array_end, .)
                0x08000240                . = ALIGN (0x4)
                0x08000240                PROVIDE (__init_array_start, .)
 *(SORT(.init_array.*))
 *(.init_array)
                0x08000240                PROVIDE (__init_array_end, .)
                0x08000240                . = ALIGN (0x4)
                0x08000240                PROVIDE (__fini_array_start, .)
 *(SORT(.fini_array.*))
 *(.fini_array)
                0x08000240                PROVIDE (__fini_array_end, .)

.flashtext
 *(.flashtext .flashtext.*)

.text           0x08000240     0x16f4
 *(.text .text.*)
 .text.DMA_DeInit
                0x08000240       0xc0 ./system/src/stm32f0-stdperiph/stm32f0xx_dma.o
                0x08000240                DMA_DeInit
 .text.DMA_Init
                0x08000300       0x3c ./system/src/stm32f0-stdperiph/stm32f0xx_dma.o
                0x08000300                DMA_Init
 .text.DMA_Cmd  0x0800033c       0x1c ./system/src/stm32f0-stdperiph/stm32f0xx_dma.o
                0x0800033c                DMA_Cmd
 .text.DMA_GetFlagStatus
                0x08000358       0x14 ./system/src/stm32f0-stdperiph/stm32f0xx_dma.o
                0x08000358                DMA_GetFlagStatus
 .text.I2C_DeInit
                0x0800036c       0x38 ./system/src/stm32f0-stdperiph/stm32f0xx_i2c.o
                0x0800036c                I2C_DeInit
 .text.RCC_GetClocksFreq
                0x080003a4      0x19c ./system/src/stm32f0-stdperiph/stm32f0xx_rcc.o
                0x080003a4                RCC_GetClocksFreq
 .text.RCC_APB1PeriphResetCmd
                0x08000540       0x1c ./system/src/stm32f0-stdperiph/stm32f0xx_rcc.o
                0x08000540                RCC_APB1PeriphResetCmd
 .text.RTC_Bcd2ToByte
                0x0800055c       0x14 ./system/src/stm32f0-stdperiph/stm32f0xx_rtc.o
 .text.RTC_GetTime
                0x08000570       0x48 ./system/src/stm32f0-stdperiph/stm32f0xx_rtc.o
                0x08000570                RTC_GetTime
 .text.RTC_GetDate
                0x080005b8       0x44 ./system/src/stm32f0-stdperiph/stm32f0xx_rtc.o
                0x080005b8                RTC_GetDate
 .text.USART_Init
                0x080005fc       0xe0 ./system/src/stm32f0-stdperiph/stm32f0xx_usart.o
                0x080005fc                USART_Init
 .text.USART_Cmd
                0x080006dc       0x18 ./system/src/stm32f0-stdperiph/stm32f0xx_usart.o
                0x080006dc                USART_Cmd
 .text.USART_ReceiveData
                0x080006f4        0x8 ./system/src/stm32f0-stdperiph/stm32f0xx_usart.o
                0x080006f4                USART_ReceiveData
 .text.USART_DMACmd
                0x080006fc       0x14 ./system/src/stm32f0-stdperiph/stm32f0xx_usart.o
                0x080006fc                USART_DMACmd
 .text.USART_ClearFlag
                0x08000710        0x8 ./system/src/stm32f0-stdperiph/stm32f0xx_usart.o
                0x08000710                USART_ClearFlag
 .text._exit    0x08000718        0x4 ./system/src/newlib/_exit.o
                0x08000718                _exit
 .text.__initialize_args
                0x0800071c       0x10 ./system/src/newlib/_syscalls.o
                0x0800071c                __initialize_args
 .text.__initialize_hardware_early
                0x0800072c        0x8 ./system/src/cortexm/_initialize_hardware.o
                0x0800072c                __initialize_hardware_early
 .text.__initialize_hardware
                0x08000734        0x8 ./system/src/cortexm/_initialize_hardware.o
                0x08000734                __initialize_hardware
 .text.SetSysClock
                0x0800073c       0xb0 ./system/src/cmsis/system_stm32f0xx.o
 .text.SystemInit
                0x080007ec       0x64 ./system/src/cmsis/system_stm32f0xx.o
                0x080007ec                SystemInit
 .text.SystemCoreClockUpdate
                0x08000850       0x94 ./system/src/cmsis/system_stm32f0xx.o
                0x08000850                SystemCoreClockUpdate
 .text.eepromInit
                0x080008e4       0x28 ./src/eeprom.o
                0x080008e4                eepromInit
 .text.sendEepromAddr
                0x0800090c       0xc0 ./src/eeprom.o
                0x0800090c                sendEepromAddr
 .text.eepromSendIT
                0x080009cc       0xa0 ./src/eeprom.o
                0x080009cc                eepromSendIT
 .text.sendEeprom
                0x08000a6c       0x30 ./src/eeprom.o
                0x08000a6c                sendEeprom
 .text.owToDevInit
                0x08000a9c       0x90 ./src/init.o
                0x08000a9c                owToDevInit
 .text.owInit   0x08000b2c       0xf4 ./src/init.o
                0x08000b2c                owInit
 .text.logInit  0x08000c20       0x44 ./src/init.o
                0x08000c20                logInit
 .text.logWriteBuff
                0x08000c64       0x64 ./src/logger.o
                0x08000c64                logWriteBuff
 .text.toLogWrite
                0x08000cc8       0x40 ./src/logger.o
                0x08000cc8                toLogWrite
 .text.SetSysClock
                0x08000d08      0x13c ./src/main.o
 .text.main     0x08000e44       0x88 ./src/main.o
                0x08000e44                main
 .text.Error_Handler
                0x08000ecc        0x4 ./src/main.o
                0x08000ecc                Error_Handler
 .text.OW_toBits
                0x08000ed0       0x20 ./src/onewire.o
 .text.OW_toByte
                0x08000ef0       0x24 ./src/onewire.o
 .text.OW_SendBits
                0x08000f14       0xfc ./src/onewire.o
 .text.OW_Reset
                0x08001010       0xac ./src/onewire.o
 .text.OW_Init  0x080010bc       0xd4 ./src/onewire.o
                0x080010bc                OW_Init
 .text.OW_Send  0x08001190       0x74 ./src/onewire.o
                0x08001190                OW_Send
 .text.OW_Scan  0x08001204      0x138 ./src/onewire.o
                0x08001204                OW_Scan
 .text.ddReadDoor
                0x0800133c        0x4 ./src/onewire.o
                0x0800133c                ddReadDoor
 .text.NMI_Handler
                0x08001340        0x4 ./src/stm32xx_it.o
                0x08001340                NMI_Handler
 .text.HardFault_Handler
                0x08001344        0x4 ./src/stm32xx_it.o
                0x08001344                HardFault_Handler
 .text.SVC_Handler
                0x08001348        0x4 ./src/stm32xx_it.o
                0x08001348                SVC_Handler
 .text.PendSV_Handler
                0x0800134c        0x4 ./src/stm32xx_it.o
                0x0800134c                PendSV_Handler
 .text.SysTick_Handler
                0x08001350       0x14 ./src/stm32xx_it.o
                0x08001350                SysTick_Handler
 .text.USART1_IRQHandler
                0x08001364       0x4c ./src/stm32xx_it.o
                0x08001364                USART1_IRQHandler
 .text.TIM3_IRQHandler
                0x080013b0        0x4 ./src/stm32xx_it.o
                0x080013b0                TIM3_IRQHandler
 .text.TIM16_IRQHandler
                0x080013b4        0x4 ./src/stm32xx_it.o
                0x080013b4                TIM16_IRQHandler
 .text.TIM17_IRQHandler
                0x080013b8        0x4 ./src/stm32xx_it.o
                0x080013b8                TIM17_IRQHandler
 .text.toSetConfig
                0x080013bc       0x34 ./src/thermo.o
                0x080013bc                toSetConfig
 .text.toWriteEeprom
                0x080013f0       0x88 ./src/thermo.o
                0x080013f0                toWriteEeprom
 .text.toReadTemperature
                0x08001478       0xf4 ./src/thermo.o
                0x08001478                toReadTemperature
 .text.xtmtot   0x0800156c       0x70 ./src/time.o
                0x0800156c                xtmtot
 .text.getRtcTime
                0x080015dc       0x20 ./src/time.o
                0x080015dc                getRtcTime
 .text.timersHandler
                0x080015fc       0x4c ./src/time.o
                0x080015fc                timersHandler
 .text.timersProcess
                0x08001648       0x78 ./src/time.o
                0x08001648                timersProcess
 .text.myDelay  0x080016c0       0x14 ./src/time.o
                0x080016c0                myDelay
 .text          0x080016d4      0x120 /home/jet/work/gcc-arm-none-eabi-4_9-2015q3/bin/../lib/gcc/arm-none-eabi/4.9.3/armv6-m/libgcc.a(_udivsi3.o)
                0x080016d4                __udivsi3
                0x080016d4                __aeabi_uidiv
                0x080017e0                __aeabi_uidivmod
 .text          0x080017f4        0x4 /home/jet/work/gcc-arm-none-eabi-4_9-2015q3/bin/../lib/gcc/arm-none-eabi/4.9.3/armv6-m/libgcc.a(_dvmd_tls.o)
                0x080017f4                __aeabi_ldiv0
                0x080017f4                __aeabi_idiv0
 .text.memcpy   0x080017f8       0x7c /home/jet/work/gcc-arm-none-eabi-4_9-2015q3/bin/../lib/gcc/arm-none-eabi/4.9.3/../../../../arm-none-eabi/lib/armv6-m/libg.a(lib_a-memcpy.o)
                0x080017f8                memcpy
 .text.memset   0x08001874       0x8c /home/jet/work/gcc-arm-none-eabi-4_9-2015q3/bin/../lib/gcc/arm-none-eabi/4.9.3/../../../../arm-none-eabi/lib/armv6-m/libg.a(lib_a-memset.o)
                0x08001874                memset
 *(.rodata .rodata.* .constdata .constdata.*)
 .rodata.str1.4
                0x08001900        0x4 ./src/onewire.o
                                  0x2 (size before relaxing)
 .rodata.lmos   0x08001904       0x18 ./src/time.o
                0x08001904                lmos
 .rodata.mos    0x0800191c       0x18 ./src/time.o
                0x0800191c                mos
 *(vtable)
 *(.eh_frame*)
 *(.glue_7)
 .glue_7        0x00000000        0x0 linker stubs
 *(.glue_7t)
 .glue_7t       0x00000000        0x0 linker stubs

.vfp11_veneer   0x08001934        0x0
 .vfp11_veneer  0x00000000        0x0 linker stubs

.v4_bx          0x08001934        0x0
 .v4_bx         0x00000000        0x0 linker stubs

.iplt           0x08001934        0x0
 .iplt          0x00000000        0x0 ./system/src/stm32f0-stdperiph/stm32f0xx_dma.o

.rel.dyn        0x08001934        0x0
 .rel.iplt      0x00000000        0x0 ./system/src/stm32f0-stdperiph/stm32f0xx_dma.o

.ARM.extab
 *(.ARM.extab* .gnu.linkonce.armextab.*)
                0x08001934                . = ALIGN (0x4)
                0x08001934                __exidx_start = .

.ARM.exidx
 *(.ARM.exidx* .gnu.linkonce.armexidx.*)
                0x08001934                __exidx_end = .
                0x08001934                . = ALIGN (0x4)
                0x08001934                _etext = .
                0x08001934                __etext = .

.data_CCMRAM    0x00000000        0x0 load address 0x08001934
 FILL mask 0xff
 *(.data.CCMRAM .data.CCMRAM.*)
                0x00000000                . = ALIGN (0x4)
                0x08001934                _sidata = LOADADDR (.data)

.data           0x20000000       0x34 load address 0x08001934
 FILL mask 0xff
                0x20000000                _sdata = .
                0x20000000                __data_start__ = .
 *(.data_begin .data_begin.*)
 .data_begin    0x20000000        0x4 ./system/src/newlib/_startup.o
 *(.data .data.*)
 .data.APBAHBPrescTable
                0x20000004       0x10 ./system/src/stm32f0-stdperiph/stm32f0xx_rcc.o
 .data.argv.4161
                0x20000014        0x8 ./system/src/newlib/_syscalls.o
 .data.AHBPrescTable
                0x2000001c       0x10 ./system/src/cmsis/system_stm32f0xx.o
                0x2000001c                AHBPrescTable
 .data.SystemCoreClock
                0x2000002c        0x4 ./system/src/cmsis/system_stm32f0xx.o
                0x2000002c                SystemCoreClock
 *(.data_end .data_end.*)
 .data_end      0x20000030        0x4 ./system/src/newlib/_startup.o
                0x20000034                . = ALIGN (0x4)
                0x20000034                _edata = .
                0x20000034                __data_end__ = .

.igot.plt       0x20000034        0x0 load address 0x08001968
 .igot.plt      0x00000000        0x0 ./system/src/stm32f0-stdperiph/stm32f0xx_dma.o

.bss_CCMRAM     0x00000000        0x0
 *(.bss.CCMRAM .bss.CCMRAM.*)

.bss            0x20000038      0x2a8
                0x20000038                __bss_start__ = .
                0x20000038                _sbss = .
 *(.bss_begin .bss_begin.*)
 .bss_begin     0x20000038        0x4 ./system/src/newlib/_startup.o
 *(.bss .bss.*)
 .bss.name.4160
                0x2000003c        0x1 ./system/src/newlib/_syscalls.o
 *fill*         0x2000003d        0x3 
 .bss.myTick    0x20000040        0x4 ./src/stm32xx_it.o
                0x20000040                myTick
 *(COMMON)
 COMMON         0x20000044      0x20c ./src/eeprom.o
                0x20000044                eeprom
 COMMON         0x20000250       0x20 ./src/init.o
                0x20000250                ddReadTout
                0x20000254                toMesgCount
                0x20000258                toReadCount
                0x2000025c                toReadTout
                0x20000260                toLogTout
                0x20000264                toMesgTout
                0x20000268                toLogCount
                0x2000026c                ddReadCount
 COMMON         0x20000270       0x20 ./src/logger.o
                0x20000270                toLogBuff
                0x20000280                ddLogBuff
 COMMON         0x20000290       0x4a ./src/onewire.o
                0x20000290                tmpModerAf
                0x20000294                owDevNum
                0x20000295                rxCount
                0x20000298                owDdDev
                0x20000298                tmpModerOut
                0x200002a0                owToDev
                0x200002d0                ow_buf
                0x200002d8                txCount
                0x200002d9                owStatus
 *(.bss_end .bss_end.*)
 *fill*         0x200002da        0x2 
 .bss_end       0x200002dc        0x4 ./system/src/newlib/_startup.o
                0x200002e0                . = ALIGN (0x4)
                0x200002e0                __bss_end__ = .
                0x200002e0                _ebss = .

.noinit_CCMRAM
 *(.noinit.CCMRAM .noinit.CCMRAM.*)

.noinit         0x200002e0        0x0
                0x200002e0                _noinit = .
 *(.noinit .noinit.*)
                0x200002e0                . = ALIGN (0x4)
                0x200002e0                _end_noinit = .
                0x200002e0                PROVIDE (end, _end_noinit)
                0x200002e0                PROVIDE (_end, _end_noinit)
                0x200002e0                PROVIDE (__end, _end_noinit)
                0x200002e0                PROVIDE (__end__, _end_noinit)

._check_stack   0x200002e0      0x100
                0x200003e0                . = (. + _Minimum_Stack_Size)
 *fill*         0x200002e0      0x100 

.b1text
 *(.b1text)
 *(.b1rodata)
 *(.b1rodata.*)

.eb0text
 *(.eb0text)
 *(.eb0rodata)
 *(.eb0rodata.*)

.eb1text
 *(.eb1text)
 *(.eb1rodata)
 *(.eb1rodata.*)

.eb2text
 *(.eb2text)
 *(.eb2rodata)
 *(.eb2rodata.*)

.eb3text
 *(.eb3text)
 *(.eb3rodata)
 *(.eb3rodata.*)

.stab
 *(.stab)

.stabstr
 *(.stabstr)

.stab.excl
 *(.stab.excl)

.stab.exclstr
 *(.stab.exclstr)

.stab.index
 *(.stab.index)

.stab.indexstr
 *(.stab.indexstr)

.comment        0x00000000       0x70
 *(.comment)
 .comment       0x00000000       0x70 ./system/src/stm32f0-stdperiph/stm32f0xx_dma.o
                                 0x71 (size before relaxing)
 .comment       0x00000000       0x71 ./system/src/stm32f0-stdperiph/stm32f0xx_i2c.o
 .comment       0x00000000       0x71 ./system/src/stm32f0-stdperiph/stm32f0xx_rcc.o
 .comment       0x00000000       0x71 ./system/src/stm32f0-stdperiph/stm32f0xx_rtc.o
 .comment       0x00000000       0x71 ./system/src/stm32f0-stdperiph/stm32f0xx_usart.o
 .comment       0x00000000       0x71 ./system/src/newlib/_exit.o
 .comment       0x00000000       0x71 ./system/src/newlib/_startup.o
 .comment       0x00000000       0x71 ./system/src/newlib/_syscalls.o
 .comment       0x00000000       0x71 ./system/src/cortexm/_initialize_hardware.o
 .comment       0x00000000       0x71 ./system/src/cortexm/exception_handlers.o
 .comment       0x00000000       0x71 ./system/src/cmsis/system_stm32f0xx.o
 .comment       0x00000000       0x71 ./system/src/cmsis/vectors_stm32f0xx.o
 .comment       0x00000000       0x71 ./src/eeprom.o
 .comment       0x00000000       0x71 ./src/init.o
 .comment       0x00000000       0x71 ./src/logger.o
 .comment       0x00000000       0x71 ./src/main.o
 .comment       0x00000000       0x71 ./src/onewire.o
 .comment       0x00000000       0x71 ./src/stm32xx_it.o
 .comment       0x00000000       0x71 ./src/thermo.o
 .comment       0x00000000       0x71 ./src/time.o

.ARM.attributes
                0x00000000       0x31
 .ARM.attributes
                0x00000000       0x31 ./system/src/stm32f0-stdperiph/stm32f0xx_dma.o
 .ARM.attributes
                0x00000031       0x31 ./system/src/stm32f0-stdperiph/stm32f0xx_i2c.o
 .ARM.attributes
                0x00000062       0x31 ./system/src/stm32f0-stdperiph/stm32f0xx_rcc.o
 .ARM.attributes
                0x00000093       0x31 ./system/src/stm32f0-stdperiph/stm32f0xx_rtc.o
 .ARM.attributes
                0x000000c4       0x31 ./system/src/stm32f0-stdperiph/stm32f0xx_usart.o
 .ARM.attributes
                0x000000f5       0x31 ./system/src/newlib/_exit.o
 .ARM.attributes
                0x00000126       0x31 ./system/src/newlib/_startup.o
 .ARM.attributes
                0x00000157       0x31 ./system/src/newlib/_syscalls.o
 .ARM.attributes
                0x00000188       0x31 ./system/src/cortexm/_initialize_hardware.o
 .ARM.attributes
                0x000001b9       0x31 ./system/src/cortexm/exception_handlers.o
 .ARM.attributes
                0x000001ea       0x31 ./system/src/cmsis/system_stm32f0xx.o
 .ARM.attributes
                0x0000021b       0x31 ./system/src/cmsis/vectors_stm32f0xx.o
 .ARM.attributes
                0x0000024c       0x31 ./src/eeprom.o
 .ARM.attributes
                0x0000027d       0x31 ./src/init.o
 .ARM.attributes
                0x000002ae       0x31 ./src/logger.o
 .ARM.attributes
                0x000002df       0x31 ./src/main.o
 .ARM.attributes
                0x00000310       0x31 ./src/onewire.o
 .ARM.attributes
                0x00000341       0x31 ./src/stm32xx_it.o
 .ARM.attributes
                0x00000372       0x31 ./src/thermo.o
 .ARM.attributes
                0x000003a3       0x31 ./src/time.o
 .ARM.attributes
                0x000003d4       0x1e /home/jet/work/gcc-arm-none-eabi-4_9-2015q3/bin/../lib/gcc/arm-none-eabi/4.9.3/armv6-m/libgcc.a(_udivsi3.o)
 .ARM.attributes
                0x000003f2       0x1e /home/jet/work/gcc-arm-none-eabi-4_9-2015q3/bin/../lib/gcc/arm-none-eabi/4.9.3/armv6-m/libgcc.a(_dvmd_tls.o)
 .ARM.attributes
                0x00000410       0x2c /home/jet/work/gcc-arm-none-eabi-4_9-2015q3/bin/../lib/gcc/arm-none-eabi/4.9.3/../../../../arm-none-eabi/lib/armv6-m/libg.a(lib_a-memcpy.o)
 .ARM.attributes
                0x0000043c       0x2c /home/jet/work/gcc-arm-none-eabi-4_9-2015q3/bin/../lib/gcc/arm-none-eabi/4.9.3/../../../../arm-none-eabi/lib/armv6-m/libg.a(lib_a-memset.o)

.debug
 *(.debug)

.line
 *(.line)

.debug_srcinfo
 *(.debug_srcinfo)

.debug_sfnames
 *(.debug_sfnames)

.debug_aranges  0x00000000      0xa70
 *(.debug_aranges)
 .debug_aranges
                0x00000000       0x70 ./system/src/stm32f0-stdperiph/stm32f0xx_dma.o
 .debug_aranges
                0x00000070      0x168 ./system/src/stm32f0-stdperiph/stm32f0xx_i2c.o
 .debug_aranges
                0x000001d8      0x160 ./system/src/stm32f0-stdperiph/stm32f0xx_rcc.o
 .debug_aranges
                0x00000338      0x1c0 ./system/src/stm32f0-stdperiph/stm32f0xx_rtc.o
 .debug_aranges
                0x000004f8      0x1a0 ./system/src/stm32f0-stdperiph/stm32f0xx_usart.o
 .debug_aranges
                0x00000698       0x28 ./system/src/newlib/_exit.o
 .debug_aranges
                0x000006c0       0x40 ./system/src/newlib/_startup.o
 .debug_aranges
                0x00000700       0x30 ./system/src/newlib/_syscalls.o
 .debug_aranges
                0x00000730       0x28 ./system/src/cortexm/_initialize_hardware.o
 .debug_aranges
                0x00000758       0x50 ./system/src/cortexm/exception_handlers.o
 .debug_aranges
                0x000007a8       0x30 ./system/src/cmsis/system_stm32f0xx.o
 .debug_aranges
                0x000007d8       0x20 ./system/src/cmsis/vectors_stm32f0xx.o
 .debug_aranges
                0x000007f8       0x70 ./src/eeprom.o
 .debug_aranges
                0x00000868       0x30 ./src/init.o
 .debug_aranges
                0x00000898       0x38 ./src/logger.o
 .debug_aranges
                0x000008d0       0x38 ./src/main.o
 .debug_aranges
                0x00000908       0x58 ./src/onewire.o
 .debug_aranges
                0x00000960       0x80 ./src/stm32xx_it.o
 .debug_aranges
                0x000009e0       0x30 ./src/thermo.o
 .debug_aranges
                0x00000a10       0x60 ./src/time.o

.debug_pubnames
 *(.debug_pubnames)

.debug_info     0x00000000     0x80e8
 *(.debug_info .gnu.linkonce.wi.*)
 .debug_info    0x00000000      0x417 ./system/src/stm32f0-stdperiph/stm32f0xx_dma.o
 .debug_info    0x00000417      0xbf5 ./system/src/stm32f0-stdperiph/stm32f0xx_i2c.o
 .debug_info    0x0000100c      0xa5f ./system/src/stm32f0-stdperiph/stm32f0xx_rcc.o
 .debug_info    0x00001a6b     0x10f5 ./system/src/stm32f0-stdperiph/stm32f0xx_rtc.o
 .debug_info    0x00002b60      0xf3b ./system/src/stm32f0-stdperiph/stm32f0xx_usart.o
 .debug_info    0x00003a9b       0xee ./system/src/newlib/_exit.o
 .debug_info    0x00003b89      0x474 ./system/src/newlib/_startup.o
 .debug_info    0x00003ffd      0x1bc ./system/src/newlib/_syscalls.o
 .debug_info    0x000041b9       0xc3 ./system/src/cortexm/_initialize_hardware.o
 .debug_info    0x0000427c      0x1c0 ./system/src/cortexm/exception_handlers.o
 .debug_info    0x0000443c      0x2e8 ./system/src/cmsis/system_stm32f0xx.o
 .debug_info    0x00004724       0xd1 ./system/src/cmsis/vectors_stm32f0xx.o
 .debug_info    0x000047f5      0x924 ./src/eeprom.o
 .debug_info    0x00005119      0x503 ./src/init.o
 .debug_info    0x0000561c      0x439 ./src/logger.o
 .debug_info    0x00005a55      0x972 ./src/main.o
 .debug_info    0x000063c7      0xca1 ./src/onewire.o
 .debug_info    0x00007068      0x503 ./src/stm32xx_it.o
 .debug_info    0x0000756b      0x4cf ./src/thermo.o
 .debug_info    0x00007a3a      0x6ae ./src/time.o

.debug_abbrev   0x00000000     0x2036
 *(.debug_abbrev)
 .debug_abbrev  0x00000000      0x170 ./system/src/stm32f0-stdperiph/stm32f0xx_dma.o
 .debug_abbrev  0x00000170      0x1b2 ./system/src/stm32f0-stdperiph/stm32f0xx_i2c.o
 .debug_abbrev  0x00000322      0x233 ./system/src/stm32f0-stdperiph/stm32f0xx_rcc.o
 .debug_abbrev  0x00000555      0x1e0 ./system/src/stm32f0-stdperiph/stm32f0xx_rtc.o
 .debug_abbrev  0x00000735      0x1bf ./system/src/stm32f0-stdperiph/stm32f0xx_usart.o
 .debug_abbrev  0x000008f4       0xb7 ./system/src/newlib/_exit.o
 .debug_abbrev  0x000009ab      0x1e9 ./system/src/newlib/_startup.o
 .debug_abbrev  0x00000b94       0xee ./system/src/newlib/_syscalls.o
 .debug_abbrev  0x00000c82       0x63 ./system/src/cortexm/_initialize_hardware.o
 .debug_abbrev  0x00000ce5       0xfd ./system/src/cortexm/exception_handlers.o
 .debug_abbrev  0x00000de2      0x146 ./system/src/cmsis/system_stm32f0xx.o
 .debug_abbrev  0x00000f28       0x9d ./system/src/cmsis/vectors_stm32f0xx.o
 .debug_abbrev  0x00000fc5      0x282 ./src/eeprom.o
 .debug_abbrev  0x00001247      0x1bb ./src/init.o
 .debug_abbrev  0x00001402      0x171 ./src/logger.o
 .debug_abbrev  0x00001573      0x2c6 ./src/main.o
 .debug_abbrev  0x00001839      0x2a0 ./src/onewire.o
 .debug_abbrev  0x00001ad9      0x188 ./src/stm32xx_it.o
 .debug_abbrev  0x00001c61      0x17f ./src/thermo.o
 .debug_abbrev  0x00001de0      0x256 ./src/time.o

.debug_line     0x00000000     0x529e
 *(.debug_line)
 .debug_line    0x00000000      0x354 ./system/src/stm32f0-stdperiph/stm32f0xx_dma.o
 .debug_line    0x00000354      0x5d0 ./system/src/stm32f0-stdperiph/stm32f0xx_i2c.o
 .debug_line    0x00000924      0x5fc ./system/src/stm32f0-stdperiph/stm32f0xx_rcc.o
 .debug_line    0x00000f20      0x80d ./system/src/stm32f0-stdperiph/stm32f0xx_rtc.o
 .debug_line    0x0000172d      0x665 ./system/src/stm32f0-stdperiph/stm32f0xx_usart.o
 .debug_line    0x00001d92      0x2b6 ./system/src/newlib/_exit.o
 .debug_line    0x00002048      0x306 ./system/src/newlib/_startup.o
 .debug_line    0x0000234e      0x36a ./system/src/newlib/_syscalls.o
 .debug_line    0x000026b8      0x290 ./system/src/cortexm/_initialize_hardware.o
 .debug_line    0x00002948      0x533 ./system/src/cortexm/exception_handlers.o
 .debug_line    0x00002e7b      0x2ce ./system/src/cmsis/system_stm32f0xx.o
 .debug_line    0x00003149      0x118 ./system/src/cmsis/vectors_stm32f0xx.o
 .debug_line    0x00003261      0x524 ./src/eeprom.o
 .debug_line    0x00003785      0x4af ./src/init.o
 .debug_line    0x00003c34      0x2f0 ./src/logger.o
 .debug_line    0x00003f24      0x553 ./src/main.o
 .debug_line    0x00004477      0x406 ./src/onewire.o
 .debug_line    0x0000487d      0x377 ./src/stm32xx_it.o
 .debug_line    0x00004bf4      0x2d0 ./src/thermo.o
 .debug_line    0x00004ec4      0x3da ./src/time.o

.debug_frame    0x00000000     0x1600
 *(.debug_frame)
 .debug_frame   0x00000000       0xc8 ./system/src/stm32f0-stdperiph/stm32f0xx_dma.o
 .debug_frame   0x000000c8      0x2dc ./system/src/stm32f0-stdperiph/stm32f0xx_i2c.o
 .debug_frame   0x000003a4      0x2bc ./system/src/stm32f0-stdperiph/stm32f0xx_rcc.o
 .debug_frame   0x00000660      0x42c ./system/src/stm32f0-stdperiph/stm32f0xx_rtc.o
 .debug_frame   0x00000a8c      0x354 ./system/src/stm32f0-stdperiph/stm32f0xx_usart.o
 .debug_frame   0x00000de0       0x38 ./system/src/newlib/_exit.o
 .debug_frame   0x00000e18       0x80 ./system/src/newlib/_startup.o
 .debug_frame   0x00000e98       0x50 ./system/src/newlib/_syscalls.o
 .debug_frame   0x00000ee8       0x40 ./system/src/cortexm/_initialize_hardware.o
 .debug_frame   0x00000f28       0x88 ./system/src/cortexm/exception_handlers.o
 .debug_frame   0x00000fb0       0x54 ./system/src/cmsis/system_stm32f0xx.o
 .debug_frame   0x00001004       0x20 ./system/src/cmsis/vectors_stm32f0xx.o
 .debug_frame   0x00001024      0x100 ./src/eeprom.o
 .debug_frame   0x00001124       0x68 ./src/init.o
 .debug_frame   0x0000118c       0x70 ./src/logger.o
 .debug_frame   0x000011fc       0x68 ./src/main.o
 .debug_frame   0x00001264       0xf0 ./src/onewire.o
 .debug_frame   0x00001354       0xf0 ./src/stm32xx_it.o
 .debug_frame   0x00001444       0x68 ./src/thermo.o
 .debug_frame   0x000014ac       0xdc ./src/time.o
 .debug_frame   0x00001588       0x20 /home/jet/work/gcc-arm-none-eabi-4_9-2015q3/bin/../lib/gcc/arm-none-eabi/4.9.3/armv6-m/libgcc.a(_udivsi3.o)
 .debug_frame   0x000015a8       0x2c /home/jet/work/gcc-arm-none-eabi-4_9-2015q3/bin/../lib/gcc/arm-none-eabi/4.9.3/../../../../arm-none-eabi/lib/armv6-m/libg.a(lib_a-memcpy.o)
 .debug_frame   0x000015d4       0x2c /home/jet/work/gcc-arm-none-eabi-4_9-2015q3/bin/../lib/gcc/arm-none-eabi/4.9.3/../../../../arm-none-eabi/lib/armv6-m/libg.a(lib_a-memset.o)

.debug_str      0x00000000    0x389a7
 *(.debug_str)
 .debug_str     0x00000000    0x2f3c5 ./system/src/stm32f0-stdperiph/stm32f0xx_dma.o
                              0x2f545 (size before relaxing)
 .debug_str     0x0002f3c5      0x552 ./system/src/stm32f0-stdperiph/stm32f0xx_i2c.o
                              0x2f5da (size before relaxing)
 .debug_str     0x0002f917      0x650 ./system/src/stm32f0-stdperiph/stm32f0xx_rcc.o
                              0x2f716 (size before relaxing)
 .debug_str     0x0002ff67      0xa6e ./system/src/stm32f0-stdperiph/stm32f0xx_rtc.o
                              0x2fb21 (size before relaxing)
 .debug_str     0x000309d5      0x80e ./system/src/stm32f0-stdperiph/stm32f0xx_usart.o
                              0x2f9ad (size before relaxing)
 .debug_str     0x000311e3     0x398b ./system/src/newlib/_exit.o
                               0x5ec6 (size before relaxing)
 .debug_str     0x00034b6e      0x26b ./system/src/newlib/_startup.o
                               0x4eaf (size before relaxing)
 .debug_str     0x00034dd9     0x162d ./system/src/newlib/_syscalls.o
                               0x64d7 (size before relaxing)
 .debug_str     0x00036406       0x67 ./system/src/cortexm/_initialize_hardware.o
                              0x2f0aa (size before relaxing)
 .debug_str     0x0003646d      0x15f ./system/src/cortexm/exception_handlers.o
                              0x32afa (size before relaxing)
 .debug_str     0x000365cc       0x67 ./system/src/cmsis/system_stm32f0xx.o
                              0x2f158 (size before relaxing)
 .debug_str     0x00036633       0x56 ./system/src/cmsis/vectors_stm32f0xx.o
                               0x2f24 (size before relaxing)
 .debug_str     0x00036689      0x47d ./src/eeprom.o
                              0x31be9 (size before relaxing)
 .debug_str     0x00036b06      0x60e ./src/init.o
                              0x31d81 (size before relaxing)
 .debug_str     0x00037114       0x90 ./src/logger.o
                              0x2f733 (size before relaxing)
 .debug_str     0x000371a4     0x140d ./src/main.o
                              0x334b2 (size before relaxing)
 .debug_str     0x000385b1      0x164 ./src/onewire.o
                              0x2f801 (size before relaxing)
 .debug_str     0x00038715       0xef ./src/stm32xx_it.o
                              0x2f7c6 (size before relaxing)
 .debug_str     0x00038804       0x2a ./src/thermo.o
                              0x2f769 (size before relaxing)
 .debug_str     0x0003882e      0x179 ./src/time.o
                              0x302dc (size before relaxing)

.debug_loc      0x00000000     0x38e3
 *(.debug_loc)
 .debug_loc     0x00000000      0x143 ./system/src/stm32f0-stdperiph/stm32f0xx_dma.o
 .debug_loc     0x00000143      0x613 ./system/src/stm32f0-stdperiph/stm32f0xx_i2c.o
 .debug_loc     0x00000756      0x903 ./system/src/stm32f0-stdperiph/stm32f0xx_rcc.o
 .debug_loc     0x00001059      0xf0c ./system/src/stm32f0-stdperiph/stm32f0xx_rtc.o
 .debug_loc     0x00001f65      0x913 ./system/src/stm32f0-stdperiph/stm32f0xx_usart.o
 .debug_loc     0x00002878      0x265 ./system/src/newlib/_startup.o
 .debug_loc     0x00002add       0x63 ./system/src/newlib/_syscalls.o
 .debug_loc     0x00002b40       0xe2 ./system/src/cmsis/system_stm32f0xx.o
 .debug_loc     0x00002c22      0x230 ./src/eeprom.o
 .debug_loc     0x00002e52      0x13c ./src/init.o
 .debug_loc     0x00002f8e      0x101 ./src/logger.o
 .debug_loc     0x0000308f       0xa1 ./src/main.o
 .debug_loc     0x00003130      0x40e ./src/onewire.o
 .debug_loc     0x0000353e       0x6c ./src/thermo.o
 .debug_loc     0x000035aa      0x339 ./src/time.o

.debug_macinfo
 *(.debug_macinfo)

.debug_weaknames
 *(.debug_weaknames)

.debug_funcnames
 *(.debug_funcnames)

.debug_typenames
 *(.debug_typenames)

.debug_varnames
 *(.debug_varnames)
OUTPUT(expedition.elf elf32-littlearm)

.debug_ranges   0x00000000      0x960
 .debug_ranges  0x00000000       0x60 ./system/src/stm32f0-stdperiph/stm32f0xx_dma.o
 .debug_ranges  0x00000060      0x158 ./system/src/stm32f0-stdperiph/stm32f0xx_i2c.o
 .debug_ranges  0x000001b8      0x150 ./system/src/stm32f0-stdperiph/stm32f0xx_rcc.o
 .debug_ranges  0x00000308      0x1b0 ./system/src/stm32f0-stdperiph/stm32f0xx_rtc.o
 .debug_ranges  0x000004b8      0x190 ./system/src/stm32f0-stdperiph/stm32f0xx_usart.o
 .debug_ranges  0x00000648       0x18 ./system/src/newlib/_exit.o
 .debug_ranges  0x00000660       0x48 ./system/src/newlib/_startup.o
 .debug_ranges  0x000006a8       0x20 ./system/src/newlib/_syscalls.o
 .debug_ranges  0x000006c8       0x18 ./system/src/cortexm/_initialize_hardware.o
 .debug_ranges  0x000006e0       0x40 ./system/src/cortexm/exception_handlers.o
 .debug_ranges  0x00000720       0x20 ./system/src/cmsis/system_stm32f0xx.o
 .debug_ranges  0x00000740       0x10 ./system/src/cmsis/vectors_stm32f0xx.o
 .debug_ranges  0x00000750       0x60 ./src/eeprom.o
 .debug_ranges  0x000007b0       0x38 ./src/init.o
 .debug_ranges  0x000007e8       0x28 ./src/logger.o
 .debug_ranges  0x00000810       0x28 ./src/main.o
 .debug_ranges  0x00000838       0x48 ./src/onewire.o
 .debug_ranges  0x00000880       0x70 ./src/stm32xx_it.o
 .debug_ranges  0x000008f0       0x20 ./src/thermo.o
 .debug_ranges  0x00000910       0x50 ./src/time.o

.debug_macro    0x00000000     0xbbe0
 .debug_macro   0x00000000      0x104 ./system/src/stm32f0-stdperiph/stm32f0xx_dma.o
 .debug_macro   0x00000104      0x850 ./system/src/stm32f0-stdperiph/stm32f0xx_dma.o
 .debug_macro   0x00000954       0x7a ./system/src/stm32f0-stdperiph/stm32f0xx_dma.o
 .debug_macro   0x000009ce      0x34e ./system/src/stm32f0-stdperiph/stm32f0xx_dma.o
 .debug_macro   0x00000d1c       0x35 ./system/src/stm32f0-stdperiph/stm32f0xx_dma.o
 .debug_macro   0x00000d51       0x26 ./system/src/stm32f0-stdperiph/stm32f0xx_dma.o
 .debug_macro   0x00000d77      0x30d ./system/src/stm32f0-stdperiph/stm32f0xx_dma.o
 .debug_macro   0x00001084     0x5b9e ./system/src/stm32f0-stdperiph/stm32f0xx_dma.o
 .debug_macro   0x00006c22       0xd1 ./system/src/stm32f0-stdperiph/stm32f0xx_dma.o
 .debug_macro   0x00006cf3      0x185 ./system/src/stm32f0-stdperiph/stm32f0xx_dma.o
 .debug_macro   0x00006e78      0x2a0 ./system/src/stm32f0-stdperiph/stm32f0xx_dma.o
 .debug_macro   0x00007118      0x522 ./system/src/stm32f0-stdperiph/stm32f0xx_dma.o
 .debug_macro   0x0000763a      0x4c5 ./system/src/stm32f0-stdperiph/stm32f0xx_dma.o
 .debug_macro   0x00007aff      0x353 ./system/src/stm32f0-stdperiph/stm32f0xx_dma.o
 .debug_macro   0x00007e52       0x10 ./system/src/stm32f0-stdperiph/stm32f0xx_dma.o
 .debug_macro   0x00007e62      0x28f ./system/src/stm32f0-stdperiph/stm32f0xx_dma.o
 .debug_macro   0x000080f1       0xf2 ./system/src/stm32f0-stdperiph/stm32f0xx_i2c.o
 .debug_macro   0x000081e3      0x29a ./system/src/stm32f0-stdperiph/stm32f0xx_i2c.o
 .debug_macro   0x0000847d       0xf2 ./system/src/stm32f0-stdperiph/stm32f0xx_rcc.o
 .debug_macro   0x0000856f      0x51c ./system/src/stm32f0-stdperiph/stm32f0xx_rcc.o
 .debug_macro   0x00008a8b      0x114 ./system/src/stm32f0-stdperiph/stm32f0xx_rtc.o
 .debug_macro   0x00008b9f      0x4bf ./system/src/stm32f0-stdperiph/stm32f0xx_rtc.o
 .debug_macro   0x0000905e       0xec ./system/src/stm32f0-stdperiph/stm32f0xx_usart.o
 .debug_macro   0x0000914a      0x34d ./system/src/stm32f0-stdperiph/stm32f0xx_usart.o
 .debug_macro   0x00009497      0x131 ./system/src/newlib/_exit.o
 .debug_macro   0x000095c8       0x9c ./system/src/newlib/_exit.o
 .debug_macro   0x00009664      0x10e ./system/src/newlib/_exit.o
 .debug_macro   0x00009772       0x86 ./system/src/newlib/_exit.o
 .debug_macro   0x000097f8       0x43 ./system/src/newlib/_exit.o
 .debug_macro   0x0000983b      0x27a ./system/src/newlib/_exit.o
 .debug_macro   0x00009ab5       0x35 ./system/src/newlib/_exit.o
 .debug_macro   0x00009aea       0xf7 ./system/src/newlib/_startup.o
 .debug_macro   0x00009be1      0x1ad ./system/src/newlib/_syscalls.o
 .debug_macro   0x00009d8e       0x1c ./system/src/newlib/_syscalls.o
 .debug_macro   0x00009daa       0x10 ./system/src/newlib/_syscalls.o
 .debug_macro   0x00009dba       0x10 ./system/src/newlib/_syscalls.o
 .debug_macro   0x00009dca       0x10 ./system/src/newlib/_syscalls.o
 .debug_macro   0x00009dda       0x10 ./system/src/newlib/_syscalls.o
 .debug_macro   0x00009dea       0x35 ./system/src/newlib/_syscalls.o
 .debug_macro   0x00009e1f      0x122 ./system/src/newlib/_syscalls.o
 .debug_macro   0x00009f41       0x2e ./system/src/newlib/_syscalls.o
 .debug_macro   0x00009f6f       0x82 ./system/src/newlib/_syscalls.o
 .debug_macro   0x00009ff1       0x2b ./system/src/newlib/_syscalls.o
 .debug_macro   0x0000a01c      0x118 ./system/src/newlib/_syscalls.o
 .debug_macro   0x0000a134      0x159 ./system/src/newlib/_syscalls.o
 .debug_macro   0x0000a28d       0x16 ./system/src/newlib/_syscalls.o
 .debug_macro   0x0000a2a3       0xd4 ./system/src/cortexm/_initialize_hardware.o
 .debug_macro   0x0000a377      0x1fd ./system/src/cortexm/exception_handlers.o
 .debug_macro   0x0000a574       0x3b ./system/src/cortexm/exception_handlers.o
 .debug_macro   0x0000a5af       0x22 ./system/src/cortexm/exception_handlers.o
 .debug_macro   0x0000a5d1       0x10 ./system/src/cortexm/exception_handlers.o
 .debug_macro   0x0000a5e1       0xc8 ./system/src/cortexm/exception_handlers.o
 .debug_macro   0x0000a6a9       0x19 ./system/src/cortexm/exception_handlers.o
 .debug_macro   0x0000a6c2       0xbe ./system/src/cortexm/exception_handlers.o
 .debug_macro   0x0000a780       0x10 ./system/src/cortexm/exception_handlers.o
 .debug_macro   0x0000a790       0xca ./system/src/cmsis/system_stm32f0xx.o
 .debug_macro   0x0000a85a       0x34 ./system/src/cmsis/vectors_stm32f0xx.o
 .debug_macro   0x0000a88e      0x1a1 ./src/eeprom.o
 .debug_macro   0x0000aa2f       0x6a ./src/eeprom.o
 .debug_macro   0x0000aa99      0x1d9 ./src/init.o
 .debug_macro   0x0000ac72       0xee ./src/init.o
 .debug_macro   0x0000ad60       0x16 ./src/init.o
 .debug_macro   0x0000ad76       0x16 ./src/init.o
 .debug_macro   0x0000ad8c       0x34 ./src/init.o
 .debug_macro   0x0000adc0       0xfe ./src/logger.o
 .debug_macro   0x0000aebe       0xe8 ./src/logger.o
 .debug_macro   0x0000afa6      0x233 ./src/main.o
 .debug_macro   0x0000b1d9       0x16 ./src/main.o
 .debug_macro   0x0000b1ef       0x97 ./src/main.o
 .debug_macro   0x0000b286       0xf6 ./src/main.o
 .debug_macro   0x0000b37c       0x10 ./src/main.o
 .debug_macro   0x0000b38c       0x16 ./src/main.o
 .debug_macro   0x0000b3a2      0x197 ./src/main.o
 .debug_macro   0x0000b539       0x16 ./src/main.o
 .debug_macro   0x0000b54f      0x19c ./src/main.o
 .debug_macro   0x0000b6eb       0x64 ./src/main.o
 .debug_macro   0x0000b74f       0xf9 ./src/onewire.o
 .debug_macro   0x0000b848       0xf9 ./src/stm32xx_it.o
 .debug_macro   0x0000b941       0x64 ./src/stm32xx_it.o
 .debug_macro   0x0000b9a5       0xf4 ./src/thermo.o
 .debug_macro   0x0000ba99      0x147 ./src/time.o
