Archive member included because of file (symbol)

/home/jet/work/gcc-arm-none-eabi-4_9-2015q3/bin/../lib/gcc/arm-none-eabi/4.9.3/armv6-m/libgcc.a(_udivsi3.o)
                              ./system/src/stm32f0-stdperiph/stm32f0xx_rcc.o (__aeabi_uidiv)
/home/jet/work/gcc-arm-none-eabi-4_9-2015q3/bin/../lib/gcc/arm-none-eabi/4.9.3/armv6-m/libgcc.a(_dvmd_tls.o)
                              /home/jet/work/gcc-arm-none-eabi-4_9-2015q3/bin/../lib/gcc/arm-none-eabi/4.9.3/armv6-m/libgcc.a(_udivsi3.o) (__aeabi_idiv0)
/home/jet/work/gcc-arm-none-eabi-4_9-2015q3/bin/../lib/gcc/arm-none-eabi/4.9.3/../../../../arm-none-eabi/lib/armv6-m/libg.a(lib_a-errno.o)
                              ./system/src/newlib/_sbrk.o (__errno)
/home/jet/work/gcc-arm-none-eabi-4_9-2015q3/bin/../lib/gcc/arm-none-eabi/4.9.3/../../../../arm-none-eabi/lib/armv6-m/libg.a(lib_a-impure.o)
                              /home/jet/work/gcc-arm-none-eabi-4_9-2015q3/bin/../lib/gcc/arm-none-eabi/4.9.3/../../../../arm-none-eabi/lib/armv6-m/libg.a(lib_a-errno.o) (_impure_ptr)
/home/jet/work/gcc-arm-none-eabi-4_9-2015q3/bin/../lib/gcc/arm-none-eabi/4.9.3/../../../../arm-none-eabi/lib/armv6-m/libg.a(lib_a-memcpy.o)
                              ./src/my_service.o (memcpy)
/home/jet/work/gcc-arm-none-eabi-4_9-2015q3/bin/../lib/gcc/arm-none-eabi/4.9.3/../../../../arm-none-eabi/lib/armv6-m/libg.a(lib_a-memset.o)
                              ./Drivers/bluenrg/osal.o (memset)

Allocating common symbols
Common symbol       size              file

tx_handle           0x2               ./src/my_service.o
TIM_TimeBaseStructure
                    0x14              ./src/main.o
appearance_char_handle
                    0x2               ./src/my_function.o
tokenPart           0x1               ./src/my_service.o
disconnCount        0x4               ./src/my_function.o
errno               0x4               ./system/src/newlib/_syscalls.o
uart_header         0x4               ./src/main.o
reqAuth             0x1               ./src/my_service.o
hciReadPktPool      0x8               ./Drivers/bluenrg/hci.o
UartHandle          0x70              ./src/main.o
relayTimHandle      0x78              ./src/bt01.o
strCharHandle       0x2               ./src/my_service.o
shaHash             0x29              ./src/my_service.o
rx_handle           0x2               ./src/my_service.o
cmdCharHandle       0x2               ./src/my_service.o
dev_name_char_handle
                    0x2               ./src/my_function.o
authorized          0x1               ./src/my_service.o
SpiHandle           0x64              ./Drivers/bluenrg/stm32_bluenrg_ble.o
TIM_OCInitStructure
                    0x1c              ./src/main.o
respCharHandle      0x2               ./src/my_service.o
sampleServHandle    0x2               ./src/my_service.o
aRxBuffer           0xff              ./src/main.o
myWD                0x2               ./src/main.o
service_handle      0x2               ./src/my_function.o
resetCount          0x4               ./src/my_service.o
tknStr              0x35              ./src/my_service.o
hciReadPktRxQueue   0x8               ./Drivers/bluenrg/hci.o

Discarded input sections

 .group         0x00000000        0x8 ./system/src/stm32f0-stdperiph/stm32f0xx_gpio.o
 .group         0x00000000        0x8 ./system/src/stm32f0-stdperiph/stm32f0xx_gpio.o
 .group         0x00000000        0x8 ./system/src/stm32f0-stdperiph/stm32f0xx_gpio.o
 .group         0x00000000        0x8 ./system/src/stm32f0-stdperiph/stm32f0xx_gpio.o
 .group         0x00000000        0x8 ./system/src/stm32f0-stdperiph/stm32f0xx_gpio.o
 .group         0x00000000        0x8 ./system/src/stm32f0-stdperiph/stm32f0xx_gpio.o
 .group         0x00000000        0x8 ./system/src/stm32f0-stdperiph/stm32f0xx_gpio.o
 .group         0x00000000        0x8 ./system/src/stm32f0-stdperiph/stm32f0xx_gpio.o
 .group         0x00000000        0x8 ./system/src/stm32f0-stdperiph/stm32f0xx_gpio.o
 .text          0x00000000        0x0 ./system/src/stm32f0-stdperiph/stm32f0xx_gpio.o
 .data          0x00000000        0x0 ./system/src/stm32f0-stdperiph/stm32f0xx_gpio.o
 .bss           0x00000000        0x0 ./system/src/stm32f0-stdperiph/stm32f0xx_gpio.o
 .text.GPIO_DeInit
                0x00000000      0x108 ./system/src/stm32f0-stdperiph/stm32f0xx_gpio.o
 .text.GPIO_Init
                0x00000000      0x12c ./system/src/stm32f0-stdperiph/stm32f0xx_gpio.o
 .text.GPIO_StructInit
                0x00000000       0x18 ./system/src/stm32f0-stdperiph/stm32f0xx_gpio.o
 .text.GPIO_PinLockConfig
                0x00000000       0x54 ./system/src/stm32f0-stdperiph/stm32f0xx_gpio.o
 .text.GPIO_ReadInputDataBit
                0x00000000      0x110 ./system/src/stm32f0-stdperiph/stm32f0xx_gpio.o
 .text.GPIO_ReadInputData
                0x00000000       0x64 ./system/src/stm32f0-stdperiph/stm32f0xx_gpio.o
 .text.GPIO_ReadOutputDataBit
                0x00000000      0x110 ./system/src/stm32f0-stdperiph/stm32f0xx_gpio.o
[...]
Memory Configuration

Name             Origin             Length             Attributes
RAM              0x20000000         0x00001000         xrw
CCMRAM           0x00000000         0x00000000         xrw
FLASH            0x08000000         0x00008000         xr
FLASHB1          0x00000000         0x00000000         xr
EXTMEMB0         0x00000000         0x00000000         xr
EXTMEMB1         0x00000000         0x00000000         xr
EXTMEMB2         0x00000000         0x00000000         xr
EXTMEMB3         0x00000000         0x00000000         xr
MEMORY_ARRAY     0x00000000         0x00000000         xrw
*default*        0x00000000         0xffffffff

Linker script and memory map

LOAD ./system/src/stm32f0-stdperiph/stm32f0xx_gpio.o
LOAD ./system/src/stm32f0-stdperiph/stm32f0xx_rcc.o
LOAD ./system/src/newlib/_cxx.o
LOAD ./system/src/newlib/_exit.o
LOAD ./system/src/newlib/_sbrk.o
LOAD ./system/src/newlib/_startup.o
LOAD ./system/src/newlib/_syscalls.o
LOAD ./system/src/newlib/assert.o
LOAD ./system/src/diag/Trace.o
LOAD ./system/src/diag/trace_impl.o
LOAD ./system/src/cortexm/_initialize_hardware.o
LOAD ./system/src/cortexm/_reset_hardware.o
LOAD ./system/src/cortexm/exception_handlers.o
LOAD ./system/src/cmsis/system_stm32f0xx.o
LOAD ./system/src/cmsis/vectors_stm32f0xx.o
LOAD ./src/bluenrg_interface.o
LOAD ./src/bt01.o
LOAD ./src/clock.o
LOAD ./src/main.o
LOAD ./src/my_function.o
LOAD ./src/my_service.o
LOAD ./src/stm32f0xx_hal_msp.o
LOAD ./src/stm32xx_it.o
LOAD ./Drivers/bluenrg/bluenrg_gap_aci.o
LOAD ./Drivers/bluenrg/bluenrg_gatt_aci.o
LOAD ./Drivers/bluenrg/bluenrg_hal_aci.o
LOAD ./Drivers/bluenrg/bluenrg_itf_template.o
LOAD ./Drivers/bluenrg/bluenrg_l2cap_aci.o
LOAD ./Drivers/bluenrg/gp_timer.o
LOAD ./Drivers/bluenrg/hci.o
LOAD ./Drivers/bluenrg/list.o
LOAD ./Drivers/bluenrg/osal.o
LOAD ./Drivers/bluenrg/stm32_bluenrg_ble.o
LOAD ./Drivers/stm32f0xx_hal.o
LOAD ./Drivers/stm32f0xx_hal_cortex.o
LOAD ./Drivers/stm32f0xx_hal_gpio.o
LOAD ./Drivers/stm32f0xx_hal_iwdg.o
LOAD ./Drivers/stm32f0xx_hal_rcc.o
LOAD ./Drivers/stm32f0xx_hal_rcc_ex.o
LOAD ./Drivers/stm32f0xx_hal_spi.o
LOAD ./Drivers/stm32f0xx_hal_spi_ex.o
LOAD ./Drivers/stm32f0xx_hal_tim.o
LOAD ./Drivers/stm32f0xx_hal_tim_ex.o
LOAD ./Drivers/stm32l0xx_nucleo.o
LOAD /home/jet/work/gcc-arm-none-eabi-4_9-2015q3/bin/../lib/gcc/arm-none-eabi/4.9.3/../../../../arm-none-eabi/lib/armv6-m/libstdc++.a
LOAD /home/jet/work/gcc-arm-none-eabi-4_9-2015q3/bin/../lib/gcc/arm-none-eabi/4.9.3/../../../../arm-none-eabi/lib/armv6-m/libm.a
START GROUP
LOAD /home/jet/work/gcc-arm-none-eabi-4_9-2015q3/bin/../lib/gcc/arm-none-eabi/4.9.3/armv6-m/libgcc.a
LOAD /home/jet/work/gcc-arm-none-eabi-4_9-2015q3/bin/../lib/gcc/arm-none-eabi/4.9.3/../../../../arm-none-eabi/lib/armv6-m/libg.a
LOAD /home/jet/work/gcc-arm-none-eabi-4_9-2015q3/bin/../lib/gcc/arm-none-eabi/4.9.3/../../../../arm-none-eabi/lib/armv6-m/libc.a
END GROUP
                0x20001000                __stack = (ORIGIN (RAM) + 0x1000)
                0x20001000                _estack = __stack
                0x00000400                __Main_Stack_Size = 0x400
                0x00000400                PROVIDE (_Main_Stack_Size, __Main_Stack_Size)
                0x20000c00                __Main_Stack_Limit = (__stack - __Main_Stack_Size)
                0x20000c00                PROVIDE (_Main_Stack_Limit, __Main_Stack_Limit)
                0x00000100                _Minimum_Stack_Size = 0x100
                0x200005b8                PROVIDE (_Heap_Begin, _end_noinit)
                0x20000c00                PROVIDE (_Heap_Limit, (__stack - __Main_Stack_Size))

.isr_vector     0x08000000      0x218
 FILL mask 0xff
                0x08000000                __vectors_start = ABSOLUTE (.)
                0x08000000                __vectors_start__ = ABSOLUTE (.)
 *(.isr_vector)
 .isr_vector    0x08000000       0xc4 ./system/src/cmsis/vectors_stm32f0xx.o
                0x08000000                g_pfnVectors
 *(.cfmconfig)
 *(.after_vectors .after_vectors.*)
 .after_vectors
                0x080000c4      0x118 ./system/src/newlib/_startup.o
                0x080000c4                _start
 .after_vectors
                0x080001dc       0x38 ./system/src/cortexm/exception_handlers.o
                0x080001dc                Reset_Handler
                0x08000200                HardFault_Handler_C
 .after_vectors
                0x08000214        0x4 ./system/src/cmsis/vectors_stm32f0xx.o
                0x08000214                TIM1_CC_IRQHandler
                0x08000214                TSC_IRQHandler
                0x08000214                ADC1_COMP_IRQHandler
                0x08000214                PVD_IRQHandler
                0x08000214                I2C1_IRQHandler
                0x08000214                RCC_CRS_IRQHandler
                0x08000214                SPI1_IRQHandler
                0x08000214                TIM6_DAC_IRQHandler
                0x08000214                USART3_4_IRQHandler
                0x08000214                EXTI2_3_IRQHandler
                0x08000214                ADC1_IRQHandler
                0x08000214                I2C2_IRQHandler
                0x08000214                CEC_CAN_IRQHandler
                0x08000214                RTC_IRQHandler
                0x08000214                PVD_VDDIO2_IRQHandler
                0x08000214                DMA1_Channel4_5_6_7_IRQHandler
                0x08000214                RCC_IRQHandler
                0x08000214                DMA1_Channel1_IRQHandler
                0x08000214                Default_Handler
                0x08000214                CEC_IRQHandler
                0x08000214                TIM14_IRQHandler
                0x08000214                DMA1_Channel4_5_IRQHandler
                0x08000214                TIM7_IRQHandler
                0x08000214                TIM15_IRQHandler
                0x08000214                USB_IRQHandler
                0x08000214                SPI2_IRQHandler
                0x08000214                TS_IRQHandler
                0x08000214                WWDG_IRQHandler
                0x08000214                TIM2_IRQHandler
                0x08000214                DMA1_Channel2_3_IRQHandler
                0x08000214                USART2_IRQHandler
                0x08000214                FLASH_IRQHandler
                0x08000214                TIM1_BRK_UP_TRG_COM_IRQHandler

.inits          0x08000218       0x28
                0x08000218                __data_regions_array_start = .
                0x08000218        0x4 LONG 0x8003108 LOADADDR (.data)
                0x0800021c        0x4 LONG 0x20000000 ADDR (.data)
                0x08000220        0x4 LONG 0x2000003c (ADDR (.data) + SIZEOF (.data))
                0x08000224        0x4 LONG 0x8003108 LOADADDR (.data_CCMRAM)
                0x08000228        0x4 LONG 0x0 ADDR (.data_CCMRAM)
                0x0800022c        0x4 LONG 0x0 (ADDR (.data_CCMRAM) + SIZEOF (.data_CCMRAM))
                0x08000230                __data_regions_array_end = .
                0x08000230                __bss_regions_array_start = .
                0x08000230        0x4 LONG 0x2000003c ADDR (.bss)
                0x08000234        0x4 LONG 0x200005b8 (ADDR (.bss) + SIZEOF (.bss))
                0x08000238        0x4 LONG 0x0 ADDR (.bss_CCMRAM)
                0x0800023c        0x4 LONG 0x0 (ADDR (.bss_CCMRAM) + SIZEOF (.bss_CCMRAM))
                0x08000240                __bss_regions_array_end = .
 *(.init)
 *(.fini)
                0x08000240                . = ALIGN (0x4)
                0x08000240                PROVIDE (__preinit_array_start, .)
 *(.preinit_array_sysinit .preinit_array_sysinit.*)
 *(.preinit_array_platform .preinit_array_platform.*)
 *(.preinit_array .preinit_array.*)
                0x08000240                PROVIDE (__preinit_array_end, .)
                0x08000240                . = ALIGN (0x4)
                0x08000240                PROVIDE (__init_array_start, .)
 *(SORT(.init_array.*))
 *(.init_array)
                0x08000240                PROVIDE (__init_array_end, .)
                0x08000240                . = ALIGN (0x4)
                0x08000240                PROVIDE (__fini_array_start, .)
 *(SORT(.fini_array.*))
 *(.fini_array)
                0x08000240                PROVIDE (__fini_array_end, .)

.flashtext
 *(.flashtext .flashtext.*)

.text           0x08000240     0x2ec8
 *(.text .text.*)
 .text._exit    0x08000240        0x4 ./system/src/newlib/_exit.o
                0x08000240                _exit
 .text.__initialize_args
                0x08000244       0x10 ./system/src/newlib/_syscalls.o
                0x08000244                __initialize_args
 .text.__initialize_hardware_early
                0x08000254        0x8 ./system/src/cortexm/_initialize_hardware.o
                0x08000254                __initialize_hardware_early
 .text.__initialize_hardware
                0x0800025c        0x8 ./system/src/cortexm/_initialize_hardware.o
                0x0800025c                __initialize_hardware
 .text.SetSysClock
                0x08000264       0xb0 ./system/src/cmsis/system_stm32f0xx.o
 .text.SystemInit
                0x08000314       0x64 ./system/src/cmsis/system_stm32f0xx.o
                0x08000314                SystemInit
 .text.SystemCoreClockUpdate
                0x08000378       0x90 ./system/src/cmsis/system_stm32f0xx.o
                0x08000378                SystemCoreClockUpdate
 .text.HAL_GPIO_EXTI_Callback
                0x08000408        0x8 ./src/bluenrg_interface.o
                0x08000408                HAL_GPIO_EXTI_Callback
 .text.relayInit
                0x08000410       0x64 ./src/bt01.o
                0x08000410                relayInit
 .text.relayStatus
                0x08000474       0x20 ./src/bt01.o
                0x08000474                relayStatus
 .text.ledInit  0x08000494       0x60 ./src/bt01.o
                0x08000494                ledInit
 .text.Clock_Time
                0x080004f4        0x8 ./src/clock.o
                0x080004f4                Clock_Time
 .text.User_Process
                0x080004fc       0x58 ./src/main.o
                0x080004fc                User_Process
 .text.SystemClock_Config
                0x08000554       0x88 ./src/main.o
                0x08000554                SystemClock_Config
 .text.tim3Init
                0x080005dc      0x104 ./src/main.o
                0x080005dc                tim3Init
 .text.main     0x080006e0       0x3c ./src/main.o
                0x080006e0                main
 .text.getTokenStr
                0x0800071c       0x60 ./src/my_function.o
                0x0800071c                getTokenStr
 .text.getShaHash
                0x0800077c      0x1d4 ./src/my_function.o
                0x0800077c                getShaHash
 .text.setTokenStr
                0x08000950       0x44 ./src/my_function.o
                0x08000950                setTokenStr
 .text.relayStart
                0x08000994       0x78 ./src/my_function.o
                0x08000994                relayStart
 .text.myTimeOut
                0x08000a0c       0x70 ./src/my_function.o
                0x08000a0c                myTimeOut
 .text.Add_Sample_Service
                0x08000a7c       0xe8 ./src/my_service.o
                0x08000a7c                Add_Sample_Service
 .text.BlueNRG_Init
                0x08000b64       0x7c ./src/my_service.o
                0x08000b64                BlueNRG_Init
 .text.Make_Connection
                0x08000be0       0x40 ./src/my_service.o
                0x08000be0                Make_Connection
 .text.receiveCmd
                0x08000c20       0x3c ./src/my_service.o
                0x08000c20                receiveCmd
 .text.sendResp
                0x08000c5c       0x28 ./src/my_service.o
                0x08000c5c                sendResp
 .text.sendData
                0x08000c84       0x24 ./src/my_service.o
                0x08000c84                sendData
 .text.GAP_ConnectionComplete_CB
                0x08000ca8       0x14 ./src/my_service.o
                0x08000ca8                GAP_ConnectionComplete_CB
 .text.GAP_DisconnectionComplete_CB
                0x08000cbc       0x74 ./src/my_service.o
                0x08000cbc                GAP_DisconnectionComplete_CB
 .text.receiveDataModified
                0x08000d30       0x88 ./src/my_service.o
                0x08000d30                receiveDataModified
 .text.Attribute_Modified_CB
                0x08000db8       0x78 ./src/my_service.o
                0x08000db8                Attribute_Modified_CB
 .text.HCI_Event_CB
                0x08000e30       0xc0 ./src/my_service.o
                0x08000e30                HCI_Event_CB
 .text.HAL_MspInit
                0x08000ef0       0x28 ./src/stm32f0xx_hal_msp.o
                0x08000ef0                HAL_MspInit
 .text.NMI_Handler
                0x08000f18        0x4 ./src/stm32xx_it.o
                0x08000f18                NMI_Handler
 .text.HardFault_Handler
                0x08000f1c        0x4 ./src/stm32xx_it.o
                0x08000f1c                HardFault_Handler
 .text.SVC_Handler
                0x08000f20        0x4 ./src/stm32xx_it.o
                0x08000f20                SVC_Handler
 .text.PendSV_Handler
                0x08000f24        0x4 ./src/stm32xx_it.o
                0x08000f24                PendSV_Handler
 .text.SysTick_Handler
                0x08000f28       0x14 ./src/stm32xx_it.o
                0x08000f28                SysTick_Handler
 .text.EXTI0_1_IRQHandler
                0x08000f3c       0x18 ./src/stm32xx_it.o
                0x08000f3c                EXTI0_1_IRQHandler
 .text.USART1_IRQHandler
                0x08000f54        0x4 ./src/stm32xx_it.o
                0x08000f54                USART1_IRQHandler
 .text.EXTI4_15_IRQHandler
                0x08000f58       0x18 ./src/stm32xx_it.o
                0x08000f58                EXTI4_15_IRQHandler
 .text.TIM3_IRQHandler
                0x08000f70       0xfc ./src/stm32xx_it.o
                0x08000f70                TIM3_IRQHandler
 .text.TIM16_IRQHandler
                0x0800106c        0x4 ./src/stm32xx_it.o
                0x0800106c                TIM16_IRQHandler
 .text.TIM17_IRQHandler
                0x08001070        0x4 ./src/stm32xx_it.o
                0x08001070                TIM17_IRQHandler
 .text.aci_gap_init
                0x08001074       0x70 ./Drivers/bluenrg/bluenrg_gap_aci.o
                0x08001074                aci_gap_init
 .text.aci_gap_set_discoverable
                0x080010e4       0xc8 ./Drivers/bluenrg/bluenrg_gap_aci.o
                0x080010e4                aci_gap_set_discoverable
 .text.aci_gap_set_auth_requirement
                0x080011ac       0x90 ./Drivers/bluenrg/bluenrg_gap_aci.o
                0x080011ac                aci_gap_set_auth_requirement
 .text.aci_gap_set_undirected_connectable
                0x0800123c       0x48 ./Drivers/bluenrg/bluenrg_gap_aci.o
                0x0800123c                aci_gap_set_undirected_connectable
 .text.aci_gap_terminate
                0x08001284       0x4c ./Drivers/bluenrg/bluenrg_gap_aci.o
                0x08001284                aci_gap_terminate
 .text.aci_gatt_init
                0x080012d0       0x3c ./Drivers/bluenrg/bluenrg_gatt_aci.o
                0x080012d0                aci_gatt_init
 .text.aci_gatt_add_serv
                0x0800130c       0x80 ./Drivers/bluenrg/bluenrg_gatt_aci.o
                0x0800130c                aci_gatt_add_serv
 .text.aci_gatt_add_char
                0x0800138c       0xe0 ./Drivers/bluenrg/bluenrg_gatt_aci.o
                0x0800138c                aci_gatt_add_char
 .text.aci_gatt_update_char_value
                0x0800146c       0x84 ./Drivers/bluenrg/bluenrg_gatt_aci.o
                0x0800146c                aci_gatt_update_char_value
 .text.aci_gatt_write_response
                0x080014f0       0x8c ./Drivers/bluenrg/bluenrg_gatt_aci.o
                0x080014f0                aci_gatt_write_response
 .text.aci_hal_write_config_data
                0x0800157c       0x64 ./Drivers/bluenrg/bluenrg_hal_aci.o
                0x0800157c                aci_hal_write_config_data
 .text.aci_hal_set_tx_power_level
                0x080015e0       0x48 ./Drivers/bluenrg/bluenrg_hal_aci.o
                0x080015e0                aci_hal_set_tx_power_level
 .text.Timer_Set
                0x08001628       0x10 ./Drivers/bluenrg/gp_timer.o
                0x08001628                Timer_Set
 .text.Timer_Expired
                0x08001638       0x18 ./Drivers/bluenrg/gp_timer.o
                0x08001638                Timer_Expired
 .text.move_list
                0x08001650       0x28 ./Drivers/bluenrg/hci.o
 .text.HCI_Init
                0x08001678       0x38 ./Drivers/bluenrg/hci.o
                0x08001678                HCI_Init
 .text.HCI_verify
                0x080016b0       0x20 ./Drivers/bluenrg/hci.o
                0x080016b0                HCI_verify
 .text.HCI_Process
                0x080016d0       0x88 ./Drivers/bluenrg/hci.o
                0x080016d0                HCI_Process
 .text.HCI_Queue_Empty
                0x08001758       0x10 ./Drivers/bluenrg/hci.o
                0x08001758                HCI_Queue_Empty
 .text.HCI_Isr  0x08001768       0x8c ./Drivers/bluenrg/hci.o
                0x08001768                HCI_Isr
 .text.hci_write
                0x080017f4        0xc ./Drivers/bluenrg/hci.o
                0x080017f4                hci_write
 .text.hci_send_cmd
                0x08001800       0x34 ./Drivers/bluenrg/hci.o
                0x08001800                hci_send_cmd
 .text.hci_send_req
                0x08001834      0x174 ./Drivers/bluenrg/hci.o
                0x08001834                hci_send_req
 .text.hci_le_set_scan_resp_data
                0x080019a8       0x68 ./Drivers/bluenrg/hci.o
                0x080019a8                hci_le_set_scan_resp_data
 .text.list_init_head
                0x08001a10        0x8 ./Drivers/bluenrg/list.o
                0x08001a10                list_init_head
 .text.list_is_empty
                0x08001a18        0xc ./Drivers/bluenrg/list.o
                0x08001a18                list_is_empty
 .text.list_insert_head
                0x08001a24       0x10 ./Drivers/bluenrg/list.o
                0x08001a24                list_insert_head
 .text.list_insert_tail
                0x08001a34       0x10 ./Drivers/bluenrg/list.o
                0x08001a34                list_insert_tail
 .text.list_remove_node
                0x08001a44       0x10 ./Drivers/bluenrg/list.o
                0x08001a44                list_remove_node
 .text.list_remove_head
                0x08001a54       0x1c ./Drivers/bluenrg/list.o
                0x08001a54                list_remove_head
 .text.Osal_MemCpy
                0x08001a70        0x8 ./Drivers/bluenrg/osal.o
                0x08001a70                Osal_MemCpy
 .text.Osal_MemSet
                0x08001a78        0x8 ./Drivers/bluenrg/osal.o
                0x08001a78                Osal_MemSet
 .text.HAL_SPI_MspInit
                0x08001a80      0x13c ./Drivers/bluenrg/stm32_bluenrg_ble.o
                0x08001a80                HAL_SPI_MspInit
 .text.BNRG_SPI_Init
                0x08001bbc       0x40 ./Drivers/bluenrg/stm32_bluenrg_ble.o
                0x08001bbc                BNRG_SPI_Init
 .text.BlueNRG_RST
                0x08001bfc       0x28 ./Drivers/bluenrg/stm32_bluenrg_ble.o
                0x08001bfc                BlueNRG_RST
 .text.BlueNRG_DataPresent
                0x08001c24       0x14 ./Drivers/bluenrg/stm32_bluenrg_ble.o
                0x08001c24                BlueNRG_DataPresent
 .text.BlueNRG_SPI_Read_All
                0x08001c38       0xb8 ./Drivers/bluenrg/stm32_bluenrg_ble.o
                0x08001c38                BlueNRG_SPI_Read_All
 .text.Enable_SPI_IRQ
                0x08001cf0        0xc ./Drivers/bluenrg/stm32_bluenrg_ble.o
                0x08001cf0                Enable_SPI_IRQ
 .text.Disable_SPI_IRQ
                0x08001cfc        0xc ./Drivers/bluenrg/stm32_bluenrg_ble.o
                0x08001cfc                Disable_SPI_IRQ
 .text.BlueNRG_SPI_Write
                0x08001d08       0xb0 ./Drivers/bluenrg/stm32_bluenrg_ble.o
                0x08001d08                BlueNRG_SPI_Write
 .text.Hal_Write_Serial
                0x08001db8       0x48 ./Drivers/bluenrg/stm32_bluenrg_ble.o
                0x08001db8                Hal_Write_Serial
 .text.Clear_SPI_EXTI_Flag
                0x08001e00        0xc ./Drivers/bluenrg/stm32_bluenrg_ble.o
                0x08001e00                Clear_SPI_EXTI_Flag
 .text.HAL_InitTick
                0x08001e0c       0x24 ./Drivers/stm32f0xx_hal.o
                0x08001e0c                HAL_InitTick
 .text.HAL_Init
                0x08001e30       0x20 ./Drivers/stm32f0xx_hal.o
                0x08001e30                HAL_Init
 .text.HAL_IncTick
                0x08001e50       0x10 ./Drivers/stm32f0xx_hal.o
                0x08001e50                HAL_IncTick
 .text.HAL_GetTick
                0x08001e60        0xc ./Drivers/stm32f0xx_hal.o
                0x08001e60                HAL_GetTick
 .text.HAL_Delay
                0x08001e6c       0x1c ./Drivers/stm32f0xx_hal.o
                0x08001e6c                HAL_Delay
 .text.HAL_NVIC_SetPriority
                0x08001e88       0x64 ./Drivers/stm32f0xx_hal_cortex.o
                0x08001e88                HAL_NVIC_SetPriority
 .text.HAL_NVIC_EnableIRQ
                0x08001eec       0x14 ./Drivers/stm32f0xx_hal_cortex.o
                0x08001eec                HAL_NVIC_EnableIRQ
 .text.HAL_NVIC_DisableIRQ
                0x08001f00       0x18 ./Drivers/stm32f0xx_hal_cortex.o
                0x08001f00                HAL_NVIC_DisableIRQ
 .text.HAL_SYSTICK_Config
                0x08001f18       0x38 ./Drivers/stm32f0xx_hal_cortex.o
                0x08001f18                HAL_SYSTICK_Config
 .text.HAL_GPIO_Init
                0x08001f50      0x190 ./Drivers/stm32f0xx_hal_gpio.o
                0x08001f50                HAL_GPIO_Init
 .text.HAL_GPIO_ReadPin
                0x080020e0       0x10 ./Drivers/stm32f0xx_hal_gpio.o
                0x080020e0                HAL_GPIO_ReadPin
 .text.HAL_GPIO_WritePin
                0x080020f0        0xc ./Drivers/stm32f0xx_hal_gpio.o
                0x080020f0                HAL_GPIO_WritePin
 .text.HAL_GPIO_EXTI_IRQHandler
                0x080020fc       0x18 ./Drivers/stm32f0xx_hal_gpio.o
                0x080020fc                HAL_GPIO_EXTI_IRQHandler
 .text.HAL_RCC_OscConfig
                0x08002114      0x4cc ./Drivers/stm32f0xx_hal_rcc.o
                0x08002114                HAL_RCC_OscConfig
 .text.HAL_RCC_ClockConfig
                0x080025e0      0x200 ./Drivers/stm32f0xx_hal_rcc.o
                0x080025e0                HAL_RCC_ClockConfig
 .text.HAL_RCC_GetSysClockFreq
                0x080027e0       0x68 ./Drivers/stm32f0xx_hal_rcc.o
                0x080027e0                HAL_RCC_GetSysClockFreq
 .text.HAL_RCC_GetHCLKFreq
                0x08002848       0x28 ./Drivers/stm32f0xx_hal_rcc.o
                0x08002848                HAL_RCC_GetHCLKFreq
 .text.SPI_WaitFifoStateUntilTimeout
                0x08002870       0xbc ./Drivers/stm32f0xx_hal_spi.o
 .text.SPI_WaitFlagStateUntilTimeout
                0x0800292c       0xa0 ./Drivers/stm32f0xx_hal_spi.o
 .text.SPI_EndRxTxTransaction
                0x080029cc       0x40 ./Drivers/stm32f0xx_hal_spi.o
 .text.HAL_SPI_Init
                0x08002a0c       0xe0 ./Drivers/stm32f0xx_hal_spi.o
                0x08002a0c                HAL_SPI_Init
 .text.HAL_SPI_TransmitReceive
                0x08002aec      0x2e4 ./Drivers/stm32f0xx_hal_spi.o
                0x08002aec                HAL_SPI_TransmitReceive
 .text          0x08002dd0      0x120 /home/jet/work/gcc-arm-none-eabi-4_9-2015q3/bin/../lib/gcc/arm-none-eabi/4.9.3/armv6-m/libgcc.a(_udivsi3.o)
                0x08002dd0                __udivsi3
                0x08002dd0                __aeabi_uidiv
                0x08002edc                __aeabi_uidivmod
 .text          0x08002ef0        0x4 /home/jet/work/gcc-arm-none-eabi-4_9-2015q3/bin/../lib/gcc/arm-none-eabi/4.9.3/armv6-m/libgcc.a(_dvmd_tls.o)
                0x08002ef0                __aeabi_ldiv0
                0x08002ef0                __aeabi_idiv0
 .text.memcpy   0x08002ef4       0x7c /home/jet/work/gcc-arm-none-eabi-4_9-2015q3/bin/../lib/gcc/arm-none-eabi/4.9.3/../../../../arm-none-eabi/lib/armv6-m/libg.a(lib_a-memcpy.o)
                0x08002ef4                memcpy
 .text.memset   0x08002f70       0x8c /home/jet/work/gcc-arm-none-eabi-4_9-2015q3/bin/../lib/gcc/arm-none-eabi/4.9.3/../../../../arm-none-eabi/lib/armv6-m/libg.a(lib_a-memset.o)
                0x08002f70                memset
 *(.rodata .rodata.* .constdata .constdata.*)
 .rodata.RELAY_PIN
                0x08002ffc        0x4 ./src/bt01.o
                0x08002ffc                RELAY_PIN
 .rodata.LED_PIN
                0x08003000        0x4 ./src/bt01.o
                0x08003000                LED_PIN
 .rodata.CLOCK_SECOND
                0x08003004        0x4 ./src/clock.o
                0x08003004                CLOCK_SECOND
 .rodata        0x08003008       0x14 ./src/my_function.o
 .rodata.ch     0x0800301c       0x3e ./src/my_function.o
 *fill*         0x0800305a        0x2 
 .rodata.Device_UUID
                0x0800305c       0x21 ./src/my_function.o
 *fill*         0x0800307d        0x3 
 .rodata        0x08003080       0x55 ./src/my_service.o
 *fill*         0x080030d5        0x3 
 .rodata        0x080030d8       0x20 ./Drivers/stm32f0xx_hal_rcc.o
 .rodata.aAPBAHBPrescTable
                0x080030f8       0x10 ./Drivers/stm32f0xx_hal_rcc.o
                0x080030f8                aAPBAHBPrescTable
 *(vtable)
 *(.eh_frame*)
 *(.glue_7)
 .glue_7        0x00000000        0x0 linker stubs
 *(.glue_7t)
 .glue_7t       0x00000000        0x0 linker stubs

.vfp11_veneer   0x08003108        0x0
 .vfp11_veneer  0x00000000        0x0 linker stubs

.v4_bx          0x08003108        0x0
 .v4_bx         0x00000000        0x0 linker stubs

.iplt           0x08003108        0x0
 .iplt          0x00000000        0x0 ./system/src/stm32f0-stdperiph/stm32f0xx_gpio.o

.rel.dyn        0x08003108        0x0
 .rel.iplt      0x00000000        0x0 ./system/src/stm32f0-stdperiph/stm32f0xx_gpio.o

.ARM.extab
 *(.ARM.extab* .gnu.linkonce.armextab.*)
                0x08003108                . = ALIGN (0x4)
                0x08003108                __exidx_start = .

.ARM.exidx
 *(.ARM.exidx* .gnu.linkonce.armexidx.*)
                0x08003108                __exidx_end = .
                0x08003108                . = ALIGN (0x4)
                0x08003108                _etext = .
                0x08003108                __etext = .

.data_CCMRAM    0x00000000        0x0 load address 0x08003108
 FILL mask 0xff
 *(.data.CCMRAM .data.CCMRAM.*)
                0x00000000                . = ALIGN (0x4)
                0x08003108                _sidata = LOADADDR (.data)

.data           0x20000000       0x3c load address 0x08003108
 FILL mask 0xff
                0x20000000                _sdata = .
                0x20000000                __data_start__ = .
 *(.data_begin .data_begin.*)
 .data_begin    0x20000000        0x4 ./system/src/newlib/_startup.o
 *(.data .data.*)
 .data.argv.4161
                0x20000004        0x8 ./system/src/newlib/_syscalls.o
 .data.AHBPrescTable
                0x2000000c       0x10 ./system/src/cmsis/system_stm32f0xx.o
                0x2000000c                AHBPrescTable
 .data.SystemCoreClock
                0x2000001c        0x4 ./system/src/cmsis/system_stm32f0xx.o
                0x2000001c                SystemCoreClock
 .data.RELAY_PORT
                0x20000020        0x8 ./src/bt01.o
                0x20000020                RELAY_PORT
 .data.LED_PORT
                0x20000028        0x8 ./src/bt01.o
                0x20000028                LED_PORT
 .data.Pin      0x20000030        0x4 ./src/my_function.o
                0x20000030                Pin
 .data.set_connectable
                0x20000034        0x1 ./src/my_service.o
                0x20000034                set_connectable
 *(.data_end .data_end.*)
 *fill*         0x20000035        0x3 
 .data_end      0x20000038        0x4 ./system/src/newlib/_startup.o
                0x2000003c                . = ALIGN (0x4)
                0x2000003c                _edata = .
                0x2000003c                __data_end__ = .

.igot.plt       0x2000003c        0x0 load address 0x08003144
 .igot.plt      0x00000000        0x0 ./system/src/stm32f0-stdperiph/stm32f0xx_gpio.o

.bss_CCMRAM     0x00000000        0x0
 *(.bss.CCMRAM .bss.CCMRAM.*)

.bss            0x2000003c      0x57c
                0x2000003c                __bss_start__ = .
                0x2000003c                _sbss = .
 *(.bss_begin .bss_begin.*)
 .bss_begin     0x2000003c        0x4 ./system/src/newlib/_startup.o
 *(.bss .bss.*)
 .bss.name.4160
                0x20000040        0x1 ./system/src/newlib/_syscalls.o
 .bss.notification_enabled
                0x20000041        0x1 ./src/my_service.o
                0x20000041                notification_enabled
 .bss.connection_handle
                0x20000042        0x2 ./src/my_service.o
                0x20000042                connection_handle
 .bss.connected
                0x20000044        0x4 ./src/my_service.o
                0x20000044                connected
 .bss.ms_counter
                0x20000048        0x4 ./src/stm32xx_it.o
                0x20000048                ms_counter
 .bss.button_event
                0x2000004c        0x1 ./src/stm32xx_it.o
                0x2000004c                button_event
 *fill*         0x2000004d        0x3 
 .bss.hciReadPacketBuffer
                0x20000050      0x2bc ./Drivers/bluenrg/hci.o
 .bss.readPacketListFull
                0x2000030c        0x1 ./Drivers/bluenrg/hci.o
 *fill*         0x2000030d        0x3 
 .bss.uwTick    0x20000310        0x4 ./Drivers/stm32f0xx_hal.o
 *(COMMON)
 COMMON         0x20000314      0x1a6 ./src/main.o
                0x20000314                TIM_TimeBaseStructure
                0x20000328                uart_header
                0x2000032c                UartHandle
                0x2000039c                TIM_OCInitStructure
                0x200003b8                aRxBuffer
                0x200004b8                myWD
 *fill*         0x200004ba        0x2 
 COMMON         0x200004bc        0xc ./src/my_function.o
                0x200004bc                appearance_char_handle
                0x200004c0                disconnCount
                0x200004c4                dev_name_char_handle
                0x200004c6                service_handle
 COMMON         0x200004c8       0x75 ./src/my_service.o
                0x200004c8                tx_handle
                0x200004ca                tokenPart
                0x200004cb                reqAuth
                0x200004cc                strCharHandle
                0x200004d0                shaHash
                0x200004fa                rx_handle
                0x200004fc                cmdCharHandle
                0x200004fe                authorized
                0x20000500                respCharHandle
                0x20000502                sampleServHandle
                0x20000504                resetCount
                0x20000508                tknStr
 *fill*         0x2000053d        0x3 
 COMMON         0x20000540       0x10 ./Drivers/bluenrg/hci.o
                0x20000540                hciReadPktPool
                0x20000548                hciReadPktRxQueue
 COMMON         0x20000550       0x64 ./Drivers/bluenrg/stm32_bluenrg_ble.o
                0x20000550                SpiHandle
 *(.bss_end .bss_end.*)
 .bss_end       0x200005b4        0x4 ./system/src/newlib/_startup.o
                0x200005b8                . = ALIGN (0x4)
                0x200005b8                __bss_end__ = .
                0x200005b8                _ebss = .

.noinit_CCMRAM
 *(.noinit.CCMRAM .noinit.CCMRAM.*)

.noinit         0x200005b8        0x0
                0x200005b8                _noinit = .
 *(.noinit .noinit.*)
                0x200005b8                . = ALIGN (0x4)
                0x200005b8                _end_noinit = .
                0x200005b8                PROVIDE (end, _end_noinit)
                0x200005b8                PROVIDE (_end, _end_noinit)
                0x200005b8                PROVIDE (__end, _end_noinit)
                0x200005b8                PROVIDE (__end__, _end_noinit)

._check_stack   0x200005b8      0x100
                0x200006b8                . = (. + _Minimum_Stack_Size)
 *fill*         0x200005b8      0x100 

.b1text
 *(.b1text)
 *(.b1rodata)
 *(.b1rodata.*)

.eb0text
 *(.eb0text)
 *(.eb0rodata)
 *(.eb0rodata.*)

.eb1text
 *(.eb1text)
 *(.eb1rodata)
 *(.eb1rodata.*)

.eb2text
 *(.eb2text)
 *(.eb2rodata)
 *(.eb2rodata.*)

.eb3text
 *(.eb3text)
 *(.eb3rodata)
 *(.eb3rodata.*)

.stab
 *(.stab)

.stabstr
 *(.stabstr)

.stab.excl
 *(.stab.excl)

.stab.exclstr
 *(.stab.exclstr)

.stab.index
 *(.stab.index)

.stab.indexstr
 *(.stab.indexstr)

.comment        0x00000000       0x70
 *(.comment)
 .comment       0x00000000       0x70 ./system/src/newlib/_exit.o
                                 0x71 (size before relaxing)
 .comment       0x00000000       0x71 ./system/src/newlib/_startup.o
 .comment       0x00000000       0x71 ./system/src/newlib/_syscalls.o
 .comment       0x00000000       0x71 ./system/src/cortexm/_initialize_hardware.o
 .comment       0x00000000       0x71 ./system/src/cortexm/exception_handlers.o
 .comment       0x00000000       0x71 ./system/src/cmsis/system_stm32f0xx.o
 .comment       0x00000000       0x71 ./system/src/cmsis/vectors_stm32f0xx.o
 .comment       0x00000000       0x71 ./src/bluenrg_interface.o
 .comment       0x00000000       0x71 ./src/bt01.o
 .comment       0x00000000       0x71 ./src/clock.o
 .comment       0x00000000       0x71 ./src/main.o
 .comment       0x00000000       0x71 ./src/my_function.o
 .comment       0x00000000       0x71 ./src/my_service.o
 .comment       0x00000000       0x71 ./src/stm32f0xx_hal_msp.o
 .comment       0x00000000       0x71 ./src/stm32xx_it.o
 .comment       0x00000000       0x71 ./Drivers/bluenrg/bluenrg_gap_aci.o
 .comment       0x00000000       0x71 ./Drivers/bluenrg/bluenrg_gatt_aci.o
 .comment       0x00000000       0x71 ./Drivers/bluenrg/bluenrg_hal_aci.o
 .comment       0x00000000       0x71 ./Drivers/bluenrg/gp_timer.o
 .comment       0x00000000       0x71 ./Drivers/bluenrg/hci.o
 .comment       0x00000000       0x71 ./Drivers/bluenrg/list.o
 .comment       0x00000000       0x71 ./Drivers/bluenrg/osal.o
 .comment       0x00000000       0x71 ./Drivers/bluenrg/stm32_bluenrg_ble.o
 .comment       0x00000000       0x71 ./Drivers/stm32f0xx_hal.o
 .comment       0x00000000       0x71 ./Drivers/stm32f0xx_hal_cortex.o
 .comment       0x00000000       0x71 ./Drivers/stm32f0xx_hal_gpio.o
 .comment       0x00000000       0x71 ./Drivers/stm32f0xx_hal_rcc.o
 .comment       0x00000000       0x71 ./Drivers/stm32f0xx_hal_spi.o

.ARM.attributes
                0x00000000       0x31
 .ARM.attributes
                0x00000000       0x31 ./system/src/newlib/_exit.o
 .ARM.attributes
                0x00000031       0x31 ./system/src/newlib/_startup.o
 .ARM.attributes
                0x00000062       0x31 ./system/src/newlib/_syscalls.o
 .ARM.attributes
                0x00000093       0x31 ./system/src/cortexm/_initialize_hardware.o
 .ARM.attributes
                0x000000c4       0x31 ./system/src/cortexm/exception_handlers.o
 .ARM.attributes
                0x000000f5       0x31 ./system/src/cmsis/system_stm32f0xx.o
 .ARM.attributes
                0x00000126       0x31 ./system/src/cmsis/vectors_stm32f0xx.o
 .ARM.attributes
                0x00000157       0x31 ./src/bluenrg_interface.o
 .ARM.attributes
                0x00000188       0x31 ./src/bt01.o
 .ARM.attributes
                0x000001b9       0x31 ./src/clock.o
 .ARM.attributes
                0x000001ea       0x31 ./src/main.o
 .ARM.attributes
                0x0000021b       0x31 ./src/my_function.o
 .ARM.attributes
                0x0000024c       0x31 ./src/my_service.o
 .ARM.attributes
                0x0000027d       0x31 ./src/stm32f0xx_hal_msp.o
 .ARM.attributes
                0x000002ae       0x31 ./src/stm32xx_it.o
 .ARM.attributes
                0x000002df       0x31 ./Drivers/bluenrg/bluenrg_gap_aci.o
 .ARM.attributes
                0x00000310       0x31 ./Drivers/bluenrg/bluenrg_gatt_aci.o
 .ARM.attributes
                0x00000341       0x31 ./Drivers/bluenrg/bluenrg_hal_aci.o
 .ARM.attributes
                0x00000372       0x31 ./Drivers/bluenrg/gp_timer.o
 .ARM.attributes
                0x000003a3       0x31 ./Drivers/bluenrg/hci.o
 .ARM.attributes
                0x000003d4       0x31 ./Drivers/bluenrg/list.o
 .ARM.attributes
                0x00000405       0x31 ./Drivers/bluenrg/osal.o
 .ARM.attributes
                0x00000436       0x31 ./Drivers/bluenrg/stm32_bluenrg_ble.o
 .ARM.attributes
                0x00000467       0x31 ./Drivers/stm32f0xx_hal.o
 .ARM.attributes
                0x00000498       0x31 ./Drivers/stm32f0xx_hal_cortex.o
 .ARM.attributes
                0x000004c9       0x31 ./Drivers/stm32f0xx_hal_gpio.o
 .ARM.attributes
                0x000004fa       0x31 ./Drivers/stm32f0xx_hal_rcc.o
 .ARM.attributes
                0x0000052b       0x31 ./Drivers/stm32f0xx_hal_spi.o
 .ARM.attributes
                0x0000055c       0x1e /home/jet/work/gcc-arm-none-eabi-4_9-2015q3/bin/../lib/gcc/arm-none-eabi/4.9.3/armv6-m/libgcc.a(_udivsi3.o)
 .ARM.attributes
                0x0000057a       0x1e /home/jet/work/gcc-arm-none-eabi-4_9-2015q3/bin/../lib/gcc/arm-none-eabi/4.9.3/armv6-m/libgcc.a(_dvmd_tls.o)
 .ARM.attributes
                0x00000598       0x2c /home/jet/work/gcc-arm-none-eabi-4_9-2015q3/bin/../lib/gcc/arm-none-eabi/4.9.3/../../../../arm-none-eabi/lib/armv6-m/libg.a(lib_a-memcpy.o)
 .ARM.attributes
                0x000005c4       0x2c /home/jet/work/gcc-arm-none-eabi-4_9-2015q3/bin/../lib/gcc/arm-none-eabi/4.9.3/../../../../arm-none-eabi/lib/armv6-m/libg.a(lib_a-memset.o)

.debug
 *(.debug)

.line
 *(.line)

.debug_srcinfo
 *(.debug_srcinfo)

.debug_sfnames
 *(.debug_sfnames)

.debug_aranges  0x00000000      0xd00
 *(.debug_aranges)
 .debug_aranges
                0x00000000       0x28 ./system/src/newlib/_exit.o
 .debug_aranges
                0x00000028       0x40 ./system/src/newlib/_startup.o
 .debug_aranges
                0x00000068       0x30 ./system/src/newlib/_syscalls.o
 .debug_aranges
                0x00000098       0x28 ./system/src/cortexm/_initialize_hardware.o
 .debug_aranges
                0x000000c0       0x50 ./system/src/cortexm/exception_handlers.o
 .debug_aranges
                0x00000110       0x30 ./system/src/cmsis/system_stm32f0xx.o
 .debug_aranges
                0x00000140       0x20 ./system/src/cmsis/vectors_stm32f0xx.o
 .debug_aranges
                0x00000160       0x20 ./src/bluenrg_interface.o
 .debug_aranges
                0x00000180       0x70 ./src/bt01.o
 .debug_aranges
                0x000001f0       0x30 ./src/clock.o
 .debug_aranges
                0x00000220       0x38 ./src/main.o
 .debug_aranges
                0x00000258       0x48 ./src/my_function.o
 .debug_aranges
                0x000002a0       0x70 ./src/my_service.o
 .debug_aranges
                0x00000310       0x30 ./src/stm32f0xx_hal_msp.o
 .debug_aranges
                0x00000340       0x78 ./src/stm32xx_it.o
 .debug_aranges
                0x000003b8      0x130 ./Drivers/bluenrg/bluenrg_gap_aci.o
 .debug_aranges
                0x000004e8      0x168 ./Drivers/bluenrg/bluenrg_gatt_aci.o
 .debug_aranges
                0x00000650       0x40 ./Drivers/bluenrg/bluenrg_hal_aci.o
 .debug_aranges
                0x00000690       0x40 ./Drivers/bluenrg/gp_timer.o
 .debug_aranges
                0x000006d0      0x158 ./Drivers/bluenrg/hci.o
 .debug_aranges
                0x00000828       0x78 ./Drivers/bluenrg/list.o
 .debug_aranges
                0x000008a0       0x28 ./Drivers/bluenrg/osal.o
 .debug_aranges
                0x000008c8       0x90 ./Drivers/bluenrg/stm32_bluenrg_ble.o
 .debug_aranges
                0x00000958       0xa0 ./Drivers/stm32f0xx_hal.o
 .debug_aranges
                0x000009f8       0x78 ./Drivers/stm32f0xx_hal_cortex.o
 .debug_aranges
                0x00000a70       0x58 ./Drivers/stm32f0xx_hal_gpio.o
 .debug_aranges
                0x00000ac8       0x80 ./Drivers/stm32f0xx_hal_rcc.o
 .debug_aranges
                0x00000b48      0x1b8 ./Drivers/stm32f0xx_hal_spi.o

.debug_pubnames
 *(.debug_pubnames)

.debug_info     0x00000000    0x12cf8
 *(.debug_info .gnu.linkonce.wi.*)
 .debug_info    0x00000000       0xee ./system/src/newlib/_exit.o
 .debug_info    0x000000ee      0x474 ./system/src/newlib/_startup.o
 .debug_info    0x00000562      0x1bc ./system/src/newlib/_syscalls.o
 .debug_info    0x0000071e       0xc3 ./system/src/cortexm/_initialize_hardware.o
 .debug_info    0x000007e1      0x1c0 ./system/src/cortexm/exception_handlers.o
 .debug_info    0x000009a1      0x2e8 ./system/src/cmsis/system_stm32f0xx.o
 .debug_info    0x00000c89       0xd1 ./system/src/cmsis/vectors_stm32f0xx.o
 .debug_info    0x00000d5a       0xc5 ./src/bluenrg_interface.o
 .debug_info    0x00000e1f      0xaeb ./src/bt01.o
 .debug_info    0x0000190a      0x143 ./src/clock.o
 .debug_info    0x00001a4d     0x109e ./src/main.o
 .debug_info    0x00002aeb      0x780 ./src/my_function.o
 .debug_info    0x0000326b     0x1130 ./src/my_service.o
 .debug_info    0x0000439b      0x96a ./src/stm32f0xx_hal_msp.o
 .debug_info    0x00004d05      0x667 ./src/stm32xx_it.o
 .debug_info    0x0000536c     0x2828 ./Drivers/bluenrg/bluenrg_gap_aci.o
 .debug_info    0x00007b94     0x2f8e ./Drivers/bluenrg/bluenrg_gatt_aci.o
 .debug_info    0x0000ab22      0x49e ./Drivers/bluenrg/bluenrg_hal_aci.o
 .debug_info    0x0000afc0      0x1b3 ./Drivers/bluenrg/gp_timer.o
 .debug_info    0x0000b173     0x2ff5 ./Drivers/bluenrg/hci.o
 .debug_info    0x0000e168      0x307 ./Drivers/bluenrg/list.o
 .debug_info    0x0000e46f      0x19f ./Drivers/bluenrg/osal.o
 .debug_info    0x0000e60e     0x11dc ./Drivers/bluenrg/stm32_bluenrg_ble.o
 .debug_info    0x0000f7ea      0x58e ./Drivers/stm32f0xx_hal.o
 .debug_info    0x0000fd78      0x736 ./Drivers/stm32f0xx_hal_cortex.o
 .debug_info    0x000104ae      0x5c4 ./Drivers/stm32f0xx_hal_gpio.o
 .debug_info    0x00010a72      0x9a9 ./Drivers/stm32f0xx_hal_rcc.o
 .debug_info    0x0001141b     0x18dd ./Drivers/stm32f0xx_hal_spi.o

.debug_abbrev   0x00000000     0x2f2a
 *(.debug_abbrev)
 .debug_abbrev  0x00000000       0xb7 ./system/src/newlib/_exit.o
 .debug_abbrev  0x000000b7      0x1e9 ./system/src/newlib/_startup.o
 .debug_abbrev  0x000002a0       0xee ./system/src/newlib/_syscalls.o
 .debug_abbrev  0x0000038e       0x63 ./system/src/cortexm/_initialize_hardware.o
 .debug_abbrev  0x000003f1       0xfd ./system/src/cortexm/exception_handlers.o
 .debug_abbrev  0x000004ee      0x146 ./system/src/cmsis/system_stm32f0xx.o
 .debug_abbrev  0x00000634       0x9d ./system/src/cmsis/vectors_stm32f0xx.o
 .debug_abbrev  0x000006d1       0x7f ./src/bluenrg_interface.o
 .debug_abbrev  0x00000750      0x1fa ./src/bt01.o
 .debug_abbrev  0x0000094a      0x103 ./src/clock.o
 .debug_abbrev  0x00000a4d      0x2dd ./src/main.o
 .debug_abbrev  0x00000d2a      0x2b4 ./src/my_function.o
 .debug_abbrev  0x00000fde      0x32e ./src/my_service.o
 .debug_abbrev  0x0000130c      0x199 ./src/stm32f0xx_hal_msp.o
 .debug_abbrev  0x000014a5      0x1e6 ./src/stm32xx_it.o
 .debug_abbrev  0x0000168b      0x1c5 ./Drivers/bluenrg/bluenrg_gap_aci.o
 .debug_abbrev  0x00001850      0x1d8 ./Drivers/bluenrg/bluenrg_gatt_aci.o
 .debug_abbrev  0x00001a28      0x16f ./Drivers/bluenrg/bluenrg_hal_aci.o
 .debug_abbrev  0x00001b97       0xf1 ./Drivers/bluenrg/gp_timer.o
 .debug_abbrev  0x00001c88      0x33e ./Drivers/bluenrg/hci.o
 .debug_abbrev  0x00001fc6       0xf6 ./Drivers/bluenrg/list.o
 .debug_abbrev  0x000020bc       0xcf ./Drivers/bluenrg/osal.o
 .debug_abbrev  0x0000218b      0x2eb ./Drivers/bluenrg/stm32_bluenrg_ble.o
 .debug_abbrev  0x00002476      0x208 ./Drivers/stm32f0xx_hal.o
 .debug_abbrev  0x0000267e      0x21d ./Drivers/stm32f0xx_hal_cortex.o
 .debug_abbrev  0x0000289b      0x1d2 ./Drivers/stm32f0xx_hal_gpio.o
 .debug_abbrev  0x00002a6d      0x260 ./Drivers/stm32f0xx_hal_rcc.o
 .debug_abbrev  0x00002ccd      0x25d ./Drivers/stm32f0xx_hal_spi.o

.debug_line     0x00000000     0x9861
 *(.debug_line)
 .debug_line    0x00000000      0x295 ./system/src/newlib/_exit.o
 .debug_line    0x00000295      0x306 ./system/src/newlib/_startup.o
 .debug_line    0x0000059b      0x36a ./system/src/newlib/_syscalls.o
 .debug_line    0x00000905      0x169 ./system/src/cortexm/_initialize_hardware.o
 .debug_line    0x00000a6e      0x3a9 ./system/src/cortexm/exception_handlers.o
 .debug_line    0x00000e17      0x1a7 ./system/src/cmsis/system_stm32f0xx.o
 .debug_line    0x00000fbe       0xf7 ./system/src/cmsis/vectors_stm32f0xx.o
 .debug_line    0x000010b5      0x5ce ./src/bluenrg_interface.o
 .debug_line    0x00001683      0x678 ./src/bt01.o
 .debug_line    0x00001cfb      0x534 ./src/clock.o
 .debug_line    0x0000222f      0x7c9 ./src/main.o
 .debug_line    0x000029f8      0x8d2 ./src/my_function.o
 .debug_line    0x000032ca      0x89c ./src/my_service.o
 .debug_line    0x00003b66      0x517 ./src/stm32f0xx_hal_msp.o
 .debug_line    0x0000407d      0x7f7 ./src/stm32xx_it.o
 .debug_line    0x00004874      0x62e ./Drivers/bluenrg/bluenrg_gap_aci.o
 .debug_line    0x00004ea2      0x76f ./Drivers/bluenrg/bluenrg_gatt_aci.o
 .debug_line    0x00005611      0x235 ./Drivers/bluenrg/bluenrg_hal_aci.o
 .debug_line    0x00005846      0x14c ./Drivers/bluenrg/gp_timer.o
 .debug_line    0x00005992      0xb11 ./Drivers/bluenrg/hci.o
 .debug_line    0x000064a3      0x1b9 ./Drivers/bluenrg/list.o
 .debug_line    0x0000665c      0x26f ./Drivers/bluenrg/osal.o
 .debug_line    0x000068cb      0x750 ./Drivers/bluenrg/stm32_bluenrg_ble.o
 .debug_line    0x0000701b      0x613 ./Drivers/stm32f0xx_hal.o
 .debug_line    0x0000762e      0x631 ./Drivers/stm32f0xx_hal_cortex.o
 .debug_line    0x00007c5f      0x619 ./Drivers/stm32f0xx_hal_gpio.o
 .debug_line    0x00008278      0x7b3 ./Drivers/stm32f0xx_hal_rcc.o
 .debug_line    0x00008a2b      0xe36 ./Drivers/stm32f0xx_hal_spi.o

.debug_frame    0x00000000     0x22f4
 *(.debug_frame)
 .debug_frame   0x00000000       0x38 ./system/src/newlib/_exit.o
 .debug_frame   0x00000038       0x80 ./system/src/newlib/_startup.o
 .debug_frame   0x000000b8       0x50 ./system/src/newlib/_syscalls.o
 .debug_frame   0x00000108       0x40 ./system/src/cortexm/_initialize_hardware.o
 .debug_frame   0x00000148       0x88 ./system/src/cortexm/exception_handlers.o
 .debug_frame   0x000001d0       0x54 ./system/src/cmsis/system_stm32f0xx.o
 .debug_frame   0x00000224       0x20 ./system/src/cmsis/vectors_stm32f0xx.o
 .debug_frame   0x00000244       0x28 ./src/bluenrg_interface.o
 .debug_frame   0x0000026c      0x110 ./src/bt01.o
 .debug_frame   0x0000037c       0x50 ./src/clock.o
 .debug_frame   0x000003cc       0x78 ./src/main.o
 .debug_frame   0x00000444       0xb8 ./src/my_function.o
 .debug_frame   0x000004fc      0x124 ./src/my_service.o
 .debug_frame   0x00000620       0x58 ./src/stm32f0xx_hal_msp.o
 .debug_frame   0x00000678       0xf0 ./src/stm32xx_it.o
 .debug_frame   0x00000768      0x44c ./Drivers/bluenrg/bluenrg_gap_aci.o
 .debug_frame   0x00000bb4      0x514 ./Drivers/bluenrg/bluenrg_gatt_aci.o
 .debug_frame   0x000010c8       0xa0 ./Drivers/bluenrg/bluenrg_hal_aci.o
 .debug_frame   0x00001168       0x80 ./Drivers/bluenrg/gp_timer.o
 .debug_frame   0x000011e8      0x4b8 ./Drivers/bluenrg/hci.o
 .debug_frame   0x000016a0       0xe0 ./Drivers/bluenrg/list.o
 .debug_frame   0x00001780       0x40 ./Drivers/bluenrg/osal.o
 .debug_frame   0x000017c0      0x194 ./Drivers/bluenrg/stm32_bluenrg_ble.o
 .debug_frame   0x00001954      0x144 ./Drivers/stm32f0xx_hal.o
 .debug_frame   0x00001a98       0xe4 ./Drivers/stm32f0xx_hal_cortex.o
 .debug_frame   0x00001b7c       0xd0 ./Drivers/stm32f0xx_hal_gpio.o
 .debug_frame   0x00001c4c      0x134 ./Drivers/stm32f0xx_hal_rcc.o
 .debug_frame   0x00001d80      0x4fc ./Drivers/stm32f0xx_hal_spi.o
 .debug_frame   0x0000227c       0x20 /home/jet/work/gcc-arm-none-eabi-4_9-2015q3/bin/../lib/gcc/arm-none-eabi/4.9.3/armv6-m/libgcc.a(_udivsi3.o)
 .debug_frame   0x0000229c       0x2c /home/jet/work/gcc-arm-none-eabi-4_9-2015q3/bin/../lib/gcc/arm-none-eabi/4.9.3/../../../../arm-none-eabi/lib/armv6-m/libg.a(lib_a-memcpy.o)
 .debug_frame   0x000022c8       0x2c /home/jet/work/gcc-arm-none-eabi-4_9-2015q3/bin/../lib/gcc/arm-none-eabi/4.9.3/../../../../arm-none-eabi/lib/armv6-m/libg.a(lib_a-memset.o)

.debug_str      0x00000000    0x653b5
 *(.debug_str)
 .debug_str     0x00000000     0x5d0e ./system/src/newlib/_exit.o
                               0x5e7d (size before relaxing)
 .debug_str     0x00005d0e      0xbbf ./system/src/newlib/_startup.o
                               0x4e66 (size before relaxing)
 .debug_str     0x000068cd     0x162d ./system/src/newlib/_syscalls.o
                               0x648e (size before relaxing)
 .debug_str     0x00007efa    0x206e1 ./system/src/cortexm/_initialize_hardware.o
                              0x23552 (size before relaxing)
 .debug_str     0x000285db      0x15f ./system/src/cortexm/exception_handlers.o
                              0x26fa2 (size before relaxing)
 .debug_str     0x0002873a       0xe5 ./system/src/cmsis/system_stm32f0xx.o
                              0x23600 (size before relaxing)
 .debug_str     0x0002881f       0x56 ./system/src/cmsis/vectors_stm32f0xx.o
                               0x2edb (size before relaxing)
 .debug_str     0x00028875    0x2d87a ./src/bluenrg_interface.o
                              0x40aef (size before relaxing)
 .debug_str     0x000560ef     0x68e7 ./src/bt01.o
                              0x46c8f (size before relaxing)
 .debug_str     0x0005c9d6       0x6b ./src/clock.o
                              0x3e972 (size before relaxing)
 .debug_str     0x0005ca41     0x4cfe ./src/main.o
                              0x4c114 (size before relaxing)
 .debug_str     0x0006173f      0x1e4 ./src/my_function.o
                              0x4b924 (size before relaxing)
 .debug_str     0x00061923      0x8a2 ./src/my_service.o
                              0x4c1c8 (size before relaxing)
 .debug_str     0x000621c5       0x9d ./src/stm32f0xx_hal_msp.o
                              0x3ef98 (size before relaxing)
 .debug_str     0x00062262       0xa6 ./src/stm32xx_it.o
                              0x4b77c (size before relaxing)
 .debug_str     0x00062308      0xb08 ./Drivers/bluenrg/bluenrg_gap_aci.o
                               0x8cad (size before relaxing)
 .debug_str     0x00062e10      0xb21 ./Drivers/bluenrg/bluenrg_gatt_aci.o
                               0x8d4b (size before relaxing)
 .debug_str     0x00063931       0xb1 ./Drivers/bluenrg/bluenrg_hal_aci.o
                               0x805a (size before relaxing)
 .debug_str     0x000639e2       0x6b ./Drivers/bluenrg/gp_timer.o
                               0x366d (size before relaxing)
 .debug_str     0x00063a4d      0xbc9 ./Drivers/bluenrg/hci.o
                              0x437b5 (size before relaxing)
 .debug_str     0x00064616       0xb1 ./Drivers/bluenrg/list.o
                               0x3001 (size before relaxing)
 .debug_str     0x000646c7       0x26 ./Drivers/bluenrg/osal.o
                               0x54d3 (size before relaxing)
 .debug_str     0x000646ed      0x1c3 ./Drivers/bluenrg/stm32_bluenrg_ble.o
                              0x40ad9 (size before relaxing)
 .debug_str     0x000648b0      0x237 ./Drivers/stm32f0xx_hal.o
                              0x3edca (size before relaxing)
 .debug_str     0x00064ae7       0xe8 ./Drivers/stm32f0xx_hal_cortex.o
                              0x3ec8a (size before relaxing)
 .debug_str     0x00064bcf      0x185 ./Drivers/stm32f0xx_hal_gpio.o
                              0x3ebfa (size before relaxing)
 .debug_str     0x00064d54      0x1c4 ./Drivers/stm32f0xx_hal_rcc.o
                              0x3ed3b (size before relaxing)
 .debug_str     0x00064f18      0x49d ./Drivers/stm32f0xx_hal_spi.o
                              0x3f18b (size before relaxing)

.debug_loc      0x00000000     0x8ce3
 *(.debug_loc)
 .debug_loc     0x00000000      0x265 ./system/src/newlib/_startup.o
 .debug_loc     0x00000265       0x63 ./system/src/newlib/_syscalls.o
 .debug_loc     0x000002c8       0xe2 ./system/src/cmsis/system_stm32f0xx.o
 .debug_loc     0x000003aa       0x21 ./src/bluenrg_interface.o
 .debug_loc     0x000003cb      0x14a ./src/bt01.o
 .debug_loc     0x00000515       0x21 ./src/clock.o
 .debug_loc     0x00000536       0x59 ./src/main.o
 .debug_loc     0x0000058f      0x45e ./src/my_function.o
 .debug_loc     0x000009ed      0x44c ./src/my_service.o
 .debug_loc     0x00000e39       0x42 ./src/stm32f0xx_hal_msp.o
 .debug_loc     0x00000e7b     0x229c ./Drivers/bluenrg/bluenrg_gap_aci.o
 .debug_loc     0x00003117     0x25f5 ./Drivers/bluenrg/bluenrg_gatt_aci.o
 .debug_loc     0x0000570c      0x1a6 ./Drivers/bluenrg/bluenrg_hal_aci.o
 .debug_loc     0x000058b2       0xd9 ./Drivers/bluenrg/gp_timer.o
 .debug_loc     0x0000598b     0x104e ./Drivers/bluenrg/hci.o
 .debug_loc     0x000069d9       0xfb ./Drivers/bluenrg/list.o
 .debug_loc     0x00006ad4       0xc6 ./Drivers/bluenrg/osal.o
 .debug_loc     0x00006b9a      0x27e ./Drivers/bluenrg/stm32_bluenrg_ble.o
 .debug_loc     0x00006e18       0x6a ./Drivers/stm32f0xx_hal.o
 .debug_loc     0x00006e82      0x268 ./Drivers/stm32f0xx_hal_cortex.o
 .debug_loc     0x000070ea      0x28f ./Drivers/stm32f0xx_hal_gpio.o
 .debug_loc     0x00007379      0x595 ./Drivers/stm32f0xx_hal_rcc.o
 .debug_loc     0x0000790e     0x13d5 ./Drivers/stm32f0xx_hal_spi.o

.debug_macinfo
 *(.debug_macinfo)

.debug_weaknames
 *(.debug_weaknames)

.debug_funcnames
 *(.debug_funcnames)

.debug_typenames
 *(.debug_typenames)

.debug_varnames
 *(.debug_varnames)
OUTPUT(stm32f0.probe.elf elf32-littlearm)

.debug_ranges   0x00000000      0xb88
 .debug_ranges  0x00000000       0x18 ./system/src/newlib/_exit.o
 .debug_ranges  0x00000018       0x48 ./system/src/newlib/_startup.o
 .debug_ranges  0x00000060       0x20 ./system/src/newlib/_syscalls.o
 .debug_ranges  0x00000080       0x18 ./system/src/cortexm/_initialize_hardware.o
 .debug_ranges  0x00000098       0x40 ./system/src/cortexm/exception_handlers.o
 .debug_ranges  0x000000d8       0x20 ./system/src/cmsis/system_stm32f0xx.o
 .debug_ranges  0x000000f8       0x10 ./system/src/cmsis/vectors_stm32f0xx.o
 .debug_ranges  0x00000108       0x10 ./src/bluenrg_interface.o
 .debug_ranges  0x00000118       0x60 ./src/bt01.o
 .debug_ranges  0x00000178       0x20 ./src/clock.o
 .debug_ranges  0x00000198       0x28 ./src/main.o
 .debug_ranges  0x000001c0       0x50 ./src/my_function.o
 .debug_ranges  0x00000210       0x60 ./src/my_service.o
 .debug_ranges  0x00000270       0x20 ./src/stm32f0xx_hal_msp.o
 .debug_ranges  0x00000290       0x68 ./src/stm32xx_it.o
 .debug_ranges  0x000002f8      0x120 ./Drivers/bluenrg/bluenrg_gap_aci.o
 .debug_ranges  0x00000418      0x158 ./Drivers/bluenrg/bluenrg_gatt_aci.o
 .debug_ranges  0x00000570       0x30 ./Drivers/bluenrg/bluenrg_hal_aci.o
 .debug_ranges  0x000005a0       0x30 ./Drivers/bluenrg/gp_timer.o
 .debug_ranges  0x000005d0      0x160 ./Drivers/bluenrg/hci.o
 .debug_ranges  0x00000730       0x68 ./Drivers/bluenrg/list.o
 .debug_ranges  0x00000798       0x18 ./Drivers/bluenrg/osal.o
 .debug_ranges  0x000007b0       0x80 ./Drivers/bluenrg/stm32_bluenrg_ble.o
 .debug_ranges  0x00000830       0x90 ./Drivers/stm32f0xx_hal.o
 .debug_ranges  0x000008c0       0x68 ./Drivers/stm32f0xx_hal_cortex.o
 .debug_ranges  0x00000928       0x48 ./Drivers/stm32f0xx_hal_gpio.o
 .debug_ranges  0x00000970       0x70 ./Drivers/stm32f0xx_hal_rcc.o
 .debug_ranges  0x000009e0      0x1a8 ./Drivers/stm32f0xx_hal_spi.o

.debug_macro    0x00000000     0xfbd9
 .debug_macro   0x00000000      0x131 ./system/src/newlib/_exit.o
 .debug_macro   0x00000131       0x9c ./system/src/newlib/_exit.o
 .debug_macro   0x000001cd      0x10e ./system/src/newlib/_exit.o
 .debug_macro   0x000002db       0x86 ./system/src/newlib/_exit.o
 .debug_macro   0x00000361       0x43 ./system/src/newlib/_exit.o
 .debug_macro   0x000003a4      0x27a ./system/src/newlib/_exit.o
 .debug_macro   0x0000061e       0x35 ./system/src/newlib/_exit.o
 .debug_macro   0x00000653       0xf7 ./system/src/newlib/_startup.o
 .debug_macro   0x0000074a      0x1ad ./system/src/newlib/_syscalls.o
 .debug_macro   0x000008f7       0x1c ./system/src/newlib/_syscalls.o
 .debug_macro   0x00000913       0x10 ./system/src/newlib/_syscalls.o
 .debug_macro   0x00000923       0x10 ./system/src/newlib/_syscalls.o
 .debug_macro   0x00000933       0x10 ./system/src/newlib/_syscalls.o
 .debug_macro   0x00000943       0x10 ./system/src/newlib/_syscalls.o
 .debug_macro   0x00000953       0x35 ./system/src/newlib/_syscalls.o
 .debug_macro   0x00000988      0x122 ./system/src/newlib/_syscalls.o
 .debug_macro   0x00000aaa       0x2e ./system/src/newlib/_syscalls.o
 .debug_macro   0x00000ad8       0x82 ./system/src/newlib/_syscalls.o
 .debug_macro   0x00000b5a       0x2b ./system/src/newlib/_syscalls.o
 .debug_macro   0x00000b85      0x118 ./system/src/newlib/_syscalls.o
 .debug_macro   0x00000c9d      0x159 ./system/src/newlib/_syscalls.o
 .debug_macro   0x00000df6       0x16 ./system/src/newlib/_syscalls.o
 .debug_macro   0x00000e0c       0x7b ./system/src/cortexm/_initialize_hardware.o
 .debug_macro   0x00000e87      0x1a4 ./system/src/cortexm/exception_handlers.o
 .debug_macro   0x0000102b       0x3b ./system/src/cortexm/exception_handlers.o
 .debug_macro   0x00001066       0x22 ./system/src/cortexm/exception_handlers.o
 .debug_macro   0x00001088       0x10 ./system/src/cortexm/exception_handlers.o
 .debug_macro   0x00001098       0xc8 ./system/src/cortexm/exception_handlers.o
 .debug_macro   0x00001160       0x19 ./system/src/cortexm/exception_handlers.o
 .debug_macro   0x00001179       0xbe ./system/src/cortexm/exception_handlers.o
 .debug_macro   0x00001237       0x10 ./system/src/cortexm/exception_handlers.o
 .debug_macro   0x00001247       0x71 ./system/src/cmsis/system_stm32f0xx.o
 .debug_macro   0x000012b8       0x34 ./system/src/cmsis/vectors_stm32f0xx.o
 .debug_macro   0x000012ec      0x2f8 ./src/bluenrg_interface.o
 .debug_macro   0x000015e4       0x9e ./src/bluenrg_interface.o
 .debug_macro   0x00001682       0x34 ./src/bluenrg_interface.o
 .debug_macro   0x000016b6       0x22 ./src/bluenrg_interface.o
 .debug_macro   0x000016d8       0x3a ./src/bluenrg_interface.o
 .debug_macro   0x00001712      0x2ea ./src/bluenrg_interface.o
 .debug_macro   0x000019fc     0x33ab ./src/bluenrg_interface.o
 .debug_macro   0x00004da7       0x3c ./src/bluenrg_interface.o
 .debug_macro   0x00004de3     0x2ac7 ./src/bluenrg_interface.o
 .debug_macro   0x000078aa       0x16 ./src/bluenrg_interface.o
 .debug_macro   0x000078c0       0x97 ./src/bluenrg_interface.o
 .debug_macro   0x00007957       0xf6 ./src/bluenrg_interface.o
 .debug_macro   0x00007a4d       0x10 ./src/bluenrg_interface.o
 .debug_macro   0x00007a5d       0x16 ./src/bluenrg_interface.o
 .debug_macro   0x00007a73      0x197 ./src/bluenrg_interface.o
 .debug_macro   0x00007c0a       0x50 ./src/bluenrg_interface.o
 .debug_macro   0x00007c5a      0x936 ./src/bluenrg_interface.o
 .debug_macro   0x00008590       0xd0 ./src/bluenrg_interface.o
 .debug_macro   0x00008660      0x13a ./src/bluenrg_interface.o
 .debug_macro   0x0000879a       0xad ./src/bluenrg_interface.o
 .debug_macro   0x00008847      0x1d8 ./src/bluenrg_interface.o
 .debug_macro   0x00008a1f       0x2d ./src/bluenrg_interface.o
 .debug_macro   0x00008a4c       0x43 ./src/bluenrg_interface.o
 .debug_macro   0x00008a8f       0x31 ./src/bluenrg_interface.o
 .debug_macro   0x00008ac0       0xb6 ./src/bluenrg_interface.o
 .debug_macro   0x00008b76      0x15a ./src/bluenrg_interface.o
 .debug_macro   0x00008cd0       0x4d ./src/bluenrg_interface.o
 .debug_macro   0x00008d1d       0x2a ./src/bluenrg_interface.o
 .debug_macro   0x00008d47      0x2e3 ./src/bluenrg_interface.o
 .debug_macro   0x0000902a      0x37c ./src/bluenrg_interface.o
 .debug_macro   0x000093a6      0x156 ./src/bluenrg_interface.o
 .debug_macro   0x000094fc       0xea ./src/bluenrg_interface.o
 .debug_macro   0x000095e6      0x14e ./src/bluenrg_interface.o
 .debug_macro   0x00009734      0x18b ./src/bluenrg_interface.o
 .debug_macro   0x000098bf       0x3a ./src/bluenrg_interface.o
 .debug_macro   0x000098f9       0x16 ./src/bluenrg_interface.o
 .debug_macro   0x0000990f       0x10 ./src/bluenrg_interface.o
 .debug_macro   0x0000991f      0x15a ./src/bluenrg_interface.o
 .debug_macro   0x00009a79       0xa0 ./src/bluenrg_interface.o
 .debug_macro   0x00009b19      0x172 ./src/bluenrg_interface.o
 .debug_macro   0x00009c8b      0x2bb ./src/bt01.o
 .debug_macro   0x00009f46      0x823 ./src/bt01.o
 .debug_macro   0x0000a769       0x32 ./src/bt01.o
 .debug_macro   0x0000a79b      0x93c ./src/bt01.o
 .debug_macro   0x0000b0d7      0x2e9 ./src/bt01.o
 .debug_macro   0x0000b3c0      0x154 ./src/bt01.o
 .debug_macro   0x0000b514      0x19c ./src/bt01.o
 .debug_macro   0x0000b6b0      0x10c ./src/bt01.o
 .debug_macro   0x0000b7bc      0x27a ./src/clock.o
 .debug_macro   0x0000ba36       0x3a ./src/clock.o
 .debug_macro   0x0000ba70      0x408 ./src/main.o
 .debug_macro   0x0000be78       0x5e ./src/main.o
 .debug_macro   0x0000bed6       0x40 ./src/main.o
 .debug_macro   0x0000bf16       0x1c ./src/main.o
 .debug_macro   0x0000bf32      0x15e ./src/main.o
 .debug_macro   0x0000c090       0x9a ./src/main.o
 .debug_macro   0x0000c12a      0x18e ./src/main.o
 .debug_macro   0x0000c2b8      0x1c9 ./src/main.o
 .debug_macro   0x0000c481      0x2a6 ./src/main.o
 .debug_macro   0x0000c727       0x59 ./src/main.o
 .debug_macro   0x0000c780      0x47c ./src/main.o
 .debug_macro   0x0000cbfc       0x4c ./src/main.o
 .debug_macro   0x0000cc48       0xdc ./src/main.o
 .debug_macro   0x0000cd24       0x1c ./src/main.o
 .debug_macro   0x0000cd40      0x829 ./src/main.o
 .debug_macro   0x0000d569      0x434 ./src/my_function.o
 .debug_macro   0x0000d99d       0x16 ./src/my_function.o
 .debug_macro   0x0000d9b3       0x10 ./src/my_function.o
 .debug_macro   0x0000d9c3      0x40e ./src/my_service.o
 .debug_macro   0x0000ddd1       0x40 ./src/my_service.o
 .debug_macro   0x0000de11       0x88 ./src/my_service.o
 .debug_macro   0x0000de99      0x258 ./src/stm32f0xx_hal_msp.o
 .debug_macro   0x0000e0f1      0x3eb ./src/stm32xx_it.o
 .debug_macro   0x0000e4dc      0x105 ./Drivers/bluenrg/bluenrg_gap_aci.o
 .debug_macro   0x0000e5e1      0x105 ./Drivers/bluenrg/bluenrg_gatt_aci.o
 .debug_macro   0x0000e6e6      0x104 ./Drivers/bluenrg/bluenrg_hal_aci.o
 .debug_macro   0x0000e7ea       0x54 ./Drivers/bluenrg/gp_timer.o
 .debug_macro   0x0000e83e      0x32d ./Drivers/bluenrg/hci.o
 .debug_macro   0x0000eb6b       0x3d ./Drivers/bluenrg/list.o
 .debug_macro   0x0000eba8       0xf7 ./Drivers/bluenrg/osal.o
 .debug_macro   0x0000ec9f       0x34 ./Drivers/bluenrg/osal.o
 .debug_macro   0x0000ecd3      0x2d8 ./Drivers/bluenrg/stm32_bluenrg_ble.o
 .debug_macro   0x0000efab      0x27c ./Drivers/stm32f0xx_hal.o
 .debug_macro   0x0000f227      0x258 ./Drivers/stm32f0xx_hal_cortex.o
 .debug_macro   0x0000f47f      0x291 ./Drivers/stm32f0xx_hal_gpio.o
 .debug_macro   0x0000f710      0x26a ./Drivers/stm32f0xx_hal_rcc.o
 .debug_macro   0x0000f97a      0x25f ./Drivers/stm32f0xx_hal_spi.o
